Archive member included to satisfy reference by file (symbol)

C:/ST/STM32CubeIDE_2.0.0/STM32CubeIDE/plugins/com.st.stm32cube.ide.mcu.externaltools.gnu-tools-for-stm32.13.3.rel1.win32_1.0.100.202509120712/tools/bin/../lib/gcc/arm-none-eabi/13.3.1/../../../../arm-none-eabi/lib/thumb/v7e-m+fp/hard\libc_nano.a(libc_a-exit.o)
                              C:/ST/STM32CubeIDE_2.0.0/STM32CubeIDE/plugins/com.st.stm32cube.ide.mcu.externaltools.gnu-tools-for-stm32.13.3.rel1.win32_1.0.100.202509120712/tools/bin/../lib/gcc/arm-none-eabi/13.3.1/../../../../arm-none-eabi/lib/thumb/v7e-m+fp/hard/crt0.o (exit)
C:/ST/STM32CubeIDE_2.0.0/STM32CubeIDE/plugins/com.st.stm32cube.ide.mcu.externaltools.gnu-tools-for-stm32.13.3.rel1.win32_1.0.100.202509120712/tools/bin/../lib/gcc/arm-none-eabi/13.3.1/../../../../arm-none-eabi/lib/thumb/v7e-m+fp/hard\libc_nano.a(libc_a-findfp.o)
                              C:/ST/STM32CubeIDE_2.0.0/STM32CubeIDE/plugins/com.st.stm32cube.ide.mcu.externaltools.gnu-tools-for-stm32.13.3.rel1.win32_1.0.100.202509120712/tools/bin/../lib/gcc/arm-none-eabi/13.3.1/../../../../arm-none-eabi/lib/thumb/v7e-m+fp/hard\libc_nano.a(libc_a-exit.o) (__stdio_exit_handler)
C:/ST/STM32CubeIDE_2.0.0/STM32CubeIDE/plugins/com.st.stm32cube.ide.mcu.externaltools.gnu-tools-for-stm32.13.3.rel1.win32_1.0.100.202509120712/tools/bin/../lib/gcc/arm-none-eabi/13.3.1/../../../../arm-none-eabi/lib/thumb/v7e-m+fp/hard\libc_nano.a(libc_a-fwalk.o)
                              C:/ST/STM32CubeIDE_2.0.0/STM32CubeIDE/plugins/com.st.stm32cube.ide.mcu.externaltools.gnu-tools-for-stm32.13.3.rel1.win32_1.0.100.202509120712/tools/bin/../lib/gcc/arm-none-eabi/13.3.1/../../../../arm-none-eabi/lib/thumb/v7e-m+fp/hard\libc_nano.a(libc_a-findfp.o) (_fwalk_sglue)
C:/ST/STM32CubeIDE_2.0.0/STM32CubeIDE/plugins/com.st.stm32cube.ide.mcu.externaltools.gnu-tools-for-stm32.13.3.rel1.win32_1.0.100.202509120712/tools/bin/../lib/gcc/arm-none-eabi/13.3.1/../../../../arm-none-eabi/lib/thumb/v7e-m+fp/hard\libc_nano.a(libc_a-sprintf.o)
                              ./Core/Src/main.o (sprintf)
C:/ST/STM32CubeIDE_2.0.0/STM32CubeIDE/plugins/com.st.stm32cube.ide.mcu.externaltools.gnu-tools-for-stm32.13.3.rel1.win32_1.0.100.202509120712/tools/bin/../lib/gcc/arm-none-eabi/13.3.1/../../../../arm-none-eabi/lib/thumb/v7e-m+fp/hard\libc_nano.a(libc_a-stdio.o)
                              C:/ST/STM32CubeIDE_2.0.0/STM32CubeIDE/plugins/com.st.stm32cube.ide.mcu.externaltools.gnu-tools-for-stm32.13.3.rel1.win32_1.0.100.202509120712/tools/bin/../lib/gcc/arm-none-eabi/13.3.1/../../../../arm-none-eabi/lib/thumb/v7e-m+fp/hard\libc_nano.a(libc_a-findfp.o) (__sread)
C:/ST/STM32CubeIDE_2.0.0/STM32CubeIDE/plugins/com.st.stm32cube.ide.mcu.externaltools.gnu-tools-for-stm32.13.3.rel1.win32_1.0.100.202509120712/tools/bin/../lib/gcc/arm-none-eabi/13.3.1/../../../../arm-none-eabi/lib/thumb/v7e-m+fp/hard\libc_nano.a(libc_a-memset.o)
                              C:/ST/STM32CubeIDE_2.0.0/STM32CubeIDE/plugins/com.st.stm32cube.ide.mcu.externaltools.gnu-tools-for-stm32.13.3.rel1.win32_1.0.100.202509120712/tools/bin/../lib/gcc/arm-none-eabi/13.3.1/../../../../arm-none-eabi/lib/thumb/v7e-m+fp/hard/crt0.o (memset)
C:/ST/STM32CubeIDE_2.0.0/STM32CubeIDE/plugins/com.st.stm32cube.ide.mcu.externaltools.gnu-tools-for-stm32.13.3.rel1.win32_1.0.100.202509120712/tools/bin/../lib/gcc/arm-none-eabi/13.3.1/../../../../arm-none-eabi/lib/thumb/v7e-m+fp/hard\libc_nano.a(libc_a-closer.o)
                              C:/ST/STM32CubeIDE_2.0.0/STM32CubeIDE/plugins/com.st.stm32cube.ide.mcu.externaltools.gnu-tools-for-stm32.13.3.rel1.win32_1.0.100.202509120712/tools/bin/../lib/gcc/arm-none-eabi/13.3.1/../../../../arm-none-eabi/lib/thumb/v7e-m+fp/hard\libc_nano.a(libc_a-stdio.o) (_close_r)
C:/ST/STM32CubeIDE_2.0.0/STM32CubeIDE/plugins/com.st.stm32cube.ide.mcu.externaltools.gnu-tools-for-stm32.13.3.rel1.win32_1.0.100.202509120712/tools/bin/../lib/gcc/arm-none-eabi/13.3.1/../../../../arm-none-eabi/lib/thumb/v7e-m+fp/hard\libc_nano.a(libc_a-reent.o)
                              C:/ST/STM32CubeIDE_2.0.0/STM32CubeIDE/plugins/com.st.stm32cube.ide.mcu.externaltools.gnu-tools-for-stm32.13.3.rel1.win32_1.0.100.202509120712/tools/bin/../lib/gcc/arm-none-eabi/13.3.1/../../../../arm-none-eabi/lib/thumb/v7e-m+fp/hard\libc_nano.a(libc_a-closer.o) (errno)
C:/ST/STM32CubeIDE_2.0.0/STM32CubeIDE/plugins/com.st.stm32cube.ide.mcu.externaltools.gnu-tools-for-stm32.13.3.rel1.win32_1.0.100.202509120712/tools/bin/../lib/gcc/arm-none-eabi/13.3.1/../../../../arm-none-eabi/lib/thumb/v7e-m+fp/hard\libc_nano.a(libc_a-impure.o)
                              C:/ST/STM32CubeIDE_2.0.0/STM32CubeIDE/plugins/com.st.stm32cube.ide.mcu.externaltools.gnu-tools-for-stm32.13.3.rel1.win32_1.0.100.202509120712/tools/bin/../lib/gcc/arm-none-eabi/13.3.1/../../../../arm-none-eabi/lib/thumb/v7e-m+fp/hard\libc_nano.a(libc_a-sprintf.o) (_impure_ptr)
[...]
Memory Configuration

Name             Origin             Length             Attributes
CCMRAM           0x10000000         0x00010000         xrw
RAM              0x20000000         0x00020000         xrw
FLASH            0x08000000         0x00080000         xr
*default*        0x00000000         0xffffffff

Linker script and memory map

LOAD C:/ST/STM32CubeIDE_2.0.0/STM32CubeIDE/plugins/com.st.stm32cube.ide.mcu.externaltools.gnu-tools-for-stm32.13.3.rel1.win32_1.0.100.202509120712/tools/bin/../lib/gcc/arm-none-eabi/13.3.1/thumb/v7e-m+fp/hard/crti.o
LOAD C:/ST/STM32CubeIDE_2.0.0/STM32CubeIDE/plugins/com.st.stm32cube.ide.mcu.externaltools.gnu-tools-for-stm32.13.3.rel1.win32_1.0.100.202509120712/tools/bin/../lib/gcc/arm-none-eabi/13.3.1/thumb/v7e-m+fp/hard/crtbegin.o
LOAD C:/ST/STM32CubeIDE_2.0.0/STM32CubeIDE/plugins/com.st.stm32cube.ide.mcu.externaltools.gnu-tools-for-stm32.13.3.rel1.win32_1.0.100.202509120712/tools/bin/../lib/gcc/arm-none-eabi/13.3.1/../../../../arm-none-eabi/lib/thumb/v7e-m+fp/hard/crt0.o
LOAD ./Core/Src/MY_LIS3DSH.o
LOAD ./Core/Src/main.o
LOAD ./Core/Src/stm32f4xx_hal_msp.o
LOAD ./Core/Src/stm32f4xx_it.o
LOAD ./Core/Src/syscalls.o
LOAD ./Core/Src/sysmem.o
LOAD ./Core/Src/system_stm32f4xx.o
LOAD ./Core/Startup/startup_stm32f407vetx.o
LOAD ./Drivers/STM32F4xx_HAL_Driver/Src/stm32f4xx_hal.o
LOAD ./Drivers/STM32F4xx_HAL_Driver/Src/stm32f4xx_hal_cortex.o
LOAD ./Drivers/STM32F4xx_HAL_Driver/Src/stm32f4xx_hal_dma.o
LOAD ./Drivers/STM32F4xx_HAL_Driver/Src/stm32f4xx_hal_dma_ex.o
LOAD ./Drivers/STM32F4xx_HAL_Driver/Src/stm32f4xx_hal_exti.o
LOAD ./Drivers/STM32F4xx_HAL_Driver/Src/stm32f4xx_hal_flash.o
LOAD ./Drivers/STM32F4xx_HAL_Driver/Src/stm32f4xx_hal_flash_ex.o
LOAD ./Drivers/STM32F4xx_HAL_Driver/Src/stm32f4xx_hal_flash_ramfunc.o
LOAD ./Drivers/STM32F4xx_HAL_Driver/Src/stm32f4xx_hal_gpio.o
LOAD ./Drivers/STM32F4xx_HAL_Driver/Src/stm32f4xx_hal_pcd.o
LOAD ./Drivers/STM32F4xx_HAL_Driver/Src/stm32f4xx_hal_pcd_ex.o
LOAD ./Drivers/STM32F4xx_HAL_Driver/Src/stm32f4xx_hal_pwr.o
LOAD ./Drivers/STM32F4xx_HAL_Driver/Src/stm32f4xx_hal_pwr_ex.o
LOAD ./Drivers/STM32F4xx_HAL_Driver/Src/stm32f4xx_hal_rcc.o
LOAD ./Drivers/STM32F4xx_HAL_Driver/Src/stm32f4xx_hal_rcc_ex.o
LOAD ./Drivers/STM32F4xx_HAL_Driver/Src/stm32f4xx_hal_rtc.o
LOAD ./Drivers/STM32F4xx_HAL_Driver/Src/stm32f4xx_hal_rtc_ex.o
LOAD ./Drivers/STM32F4xx_HAL_Driver/Src/stm32f4xx_hal_spi.o
LOAD ./Drivers/STM32F4xx_HAL_Driver/Src/stm32f4xx_hal_uart.o
LOAD ./Drivers/STM32F4xx_HAL_Driver/Src/stm32f4xx_ll_usb.o
LOAD ./Middlewares/ST/STM32_USB_Device_Library/Class/HID/Src/usbd_hid.o
LOAD ./Middlewares/ST/STM32_USB_Device_Library/Core/Src/usbd_core.o
LOAD ./Middlewares/ST/STM32_USB_Device_Library/Core/Src/usbd_ctlreq.o
LOAD ./Middlewares/ST/STM32_USB_Device_Library/Core/Src/usbd_ioreq.o
LOAD ./USB_DEVICE/App/usb_device.o
LOAD ./USB_DEVICE/App/usbd_desc.o
LOAD ./USB_DEVICE/Target/usbd_conf.o
START GROUP
LOAD C:/ST/STM32CubeIDE_2.0.0/STM32CubeIDE/plugins/com.st.stm32cube.ide.mcu.externaltools.gnu-tools-for-stm32.13.3.rel1.win32_1.0.100.202509120712/tools/bin/../lib/gcc/arm-none-eabi/13.3.1/../../../../arm-none-eabi/lib/thumb/v7e-m+fp/hard\libc_nano.a
LOAD C:/ST/STM32CubeIDE_2.0.0/STM32CubeIDE/plugins/com.st.stm32cube.ide.mcu.externaltools.gnu-tools-for-stm32.13.3.rel1.win32_1.0.100.202509120712/tools/bin/../lib/gcc/arm-none-eabi/13.3.1/../../../../arm-none-eabi/lib/thumb/v7e-m+fp/hard\libm.a
END GROUP
START GROUP
LOAD C:/ST/STM32CubeIDE_2.0.0/STM32CubeIDE/plugins/com.st.stm32cube.ide.mcu.externaltools.gnu-tools-for-stm32.13.3.rel1.win32_1.0.100.202509120712/tools/bin/../lib/gcc/arm-none-eabi/13.3.1/thumb/v7e-m+fp/hard\libgcc.a
LOAD C:/ST/STM32CubeIDE_2.0.0/STM32CubeIDE/plugins/com.st.stm32cube.ide.mcu.externaltools.gnu-tools-for-stm32.13.3.rel1.win32_1.0.100.202509120712/tools/bin/../lib/gcc/arm-none-eabi/13.3.1/../../../../arm-none-eabi/lib/thumb/v7e-m+fp/hard\libc_nano.a
END GROUP
START GROUP
LOAD C:/ST/STM32CubeIDE_2.0.0/STM32CubeIDE/plugins/com.st.stm32cube.ide.mcu.externaltools.gnu-tools-for-stm32.13.3.rel1.win32_1.0.100.202509120712/tools/bin/../lib/gcc/arm-none-eabi/13.3.1/thumb/v7e-m+fp/hard\libgcc.a
LOAD C:/ST/STM32CubeIDE_2.0.0/STM32CubeIDE/plugins/com.st.stm32cube.ide.mcu.externaltools.gnu-tools-for-stm32.13.3.rel1.win32_1.0.100.202509120712/tools/bin/../lib/gcc/arm-none-eabi/13.3.1/../../../../arm-none-eabi/lib/thumb/v7e-m+fp/hard\libc_nano.a
LOAD C:/ST/STM32CubeIDE_2.0.0/STM32CubeIDE/plugins/com.st.stm32cube.ide.mcu.externaltools.gnu-tools-for-stm32.13.3.rel1.win32_1.0.100.202509120712/tools/bin/../lib/gcc/arm-none-eabi/13.3.1/../../../../arm-none-eabi/lib/thumb/v7e-m+fp/hard\libnosys.a
END GROUP
START GROUP
LOAD C:/ST/STM32CubeIDE_2.0.0/STM32CubeIDE/plugins/com.st.stm32cube.ide.mcu.externaltools.gnu-tools-for-stm32.13.3.rel1.win32_1.0.100.202509120712/tools/bin/../lib/gcc/arm-none-eabi/13.3.1/thumb/v7e-m+fp/hard\libgcc.a
LOAD C:/ST/STM32CubeIDE_2.0.0/STM32CubeIDE/plugins/com.st.stm32cube.ide.mcu.externaltools.gnu-tools-for-stm32.13.3.rel1.win32_1.0.100.202509120712/tools/bin/../lib/gcc/arm-none-eabi/13.3.1/../../../../arm-none-eabi/lib/thumb/v7e-m+fp/hard\libc_nano.a
LOAD C:/ST/STM32CubeIDE_2.0.0/STM32CubeIDE/plugins/com.st.stm32cube.ide.mcu.externaltools.gnu-tools-for-stm32.13.3.rel1.win32_1.0.100.202509120712/tools/bin/../lib/gcc/arm-none-eabi/13.3.1/../../../../arm-none-eabi/lib/thumb/v7e-m+fp/hard\libnosys.a
END GROUP
LOAD C:/ST/STM32CubeIDE_2.0.0/STM32CubeIDE/plugins/com.st.stm32cube.ide.mcu.externaltools.gnu-tools-for-stm32.13.3.rel1.win32_1.0.100.202509120712/tools/bin/../lib/gcc/arm-none-eabi/13.3.1/thumb/v7e-m+fp/hard/crtend.o
LOAD C:/ST/STM32CubeIDE_2.0.0/STM32CubeIDE/plugins/com.st.stm32cube.ide.mcu.externaltools.gnu-tools-for-stm32.13.3.rel1.win32_1.0.100.202509120712/tools/bin/../lib/gcc/arm-none-eabi/13.3.1/thumb/v7e-m+fp/hard/crtn.o
                0x20020000                        _estack = (ORIGIN (RAM) + LENGTH (RAM))
                0x00000200                        _Min_Heap_Size = 0x200
                0x00000400                        _Min_Stack_Size = 0x400

.isr_vector     0x08000000      0x188
                0x08000000                        . = ALIGN (0x4)
 *(.isr_vector)
 .isr_vector    0x08000000      0x188 ./Core/Startup/startup_stm32f407vetx.o
                0x08000000                g_pfnVectors
                0x08000188                        . = ALIGN (0x4)

.text           0x08000188     0x94f8
                0x08000188                        . = ALIGN (0x4)
 *(.text)
 .text          0x08000188       0x40 C:/ST/STM32CubeIDE_2.0.0/STM32CubeIDE/plugins/com.st.stm32cube.ide.mcu.externaltools.gnu-tools-for-stm32.13.3.rel1.win32_1.0.100.202509120712/tools/bin/../lib/gcc/arm-none-eabi/13.3.1/thumb/v7e-m+fp/hard/crtbegin.o
 .text          0x080001c8      0x378 C:/ST/STM32CubeIDE_2.0.0/STM32CubeIDE/plugins/com.st.stm32cube.ide.mcu.externaltools.gnu-tools-for-stm32.13.3.rel1.win32_1.0.100.202509120712/tools/bin/../lib/gcc/arm-none-eabi/13.3.1/thumb/v7e-m+fp/hard\libgcc.a(_arm_addsubdf3.o)
                0x080001c8                __aeabi_drsub
                0x080001d0                __aeabi_dsub
                0x080001d0                __subdf3
                0x080001d4                __aeabi_dadd
                0x080001d4                __adddf3
                0x0800044c                __floatunsidf
                0x0800044c                __aeabi_ui2d
                0x0800046c                __floatsidf
                0x0800046c                __aeabi_i2d
                0x08000490                __aeabi_f2d
                0x08000490                __extendsfdf2
                0x080004d4                __floatundidf
                0x080004d4                __aeabi_ul2d
                0x080004e4                __floatdidf
                0x080004e4                __aeabi_l2d
 .text          0x08000540      0x424 C:/ST/STM32CubeIDE_2.0.0/STM32CubeIDE/plugins/com.st.stm32cube.ide.mcu.externaltools.gnu-tools-for-stm32.13.3.rel1.win32_1.0.100.202509120712/tools/bin/../lib/gcc/arm-none-eabi/13.3.1/thumb/v7e-m+fp/hard\libgcc.a(_arm_muldivdf3.o)
                0x08000540                __aeabi_dmul
                0x08000540                __muldf3
                0x08000794                __divdf3
                0x08000794                __aeabi_ddiv
 .text          0x08000964       0x50 C:/ST/STM32CubeIDE_2.0.0/STM32CubeIDE/plugins/com.st.stm32cube.ide.mcu.externaltools.gnu-tools-for-stm32.13.3.rel1.win32_1.0.100.202509120712/tools/bin/../lib/gcc/arm-none-eabi/13.3.1/thumb/v7e-m+fp/hard\libgcc.a(_arm_fixdfsi.o)
                0x08000964                __aeabi_d2iz
                0x08000964                __fixdfsi
 .text          0x080009b4       0x30 C:/ST/STM32CubeIDE_2.0.0/STM32CubeIDE/plugins/com.st.stm32cube.ide.mcu.externaltools.gnu-tools-for-stm32.13.3.rel1.win32_1.0.100.202509120712/tools/bin/../lib/gcc/arm-none-eabi/13.3.1/thumb/v7e-m+fp/hard\libgcc.a(_aeabi_uldivmod.o)
                0x080009b4                __aeabi_uldivmod
 .text          0x080009e4      0x2f8 C:/ST/STM32CubeIDE_2.0.0/STM32CubeIDE/plugins/com.st.stm32cube.ide.mcu.externaltools.gnu-tools-for-stm32.13.3.rel1.win32_1.0.100.202509120712/tools/bin/../lib/gcc/arm-none-eabi/13.3.1/thumb/v7e-m+fp/hard\libgcc.a(_udivmoddi4.o)
                0x080009e4                __udivmoddi4
 .text          0x08000cdc        0x4 C:/ST/STM32CubeIDE_2.0.0/STM32CubeIDE/plugins/com.st.stm32cube.ide.mcu.externaltools.gnu-tools-for-stm32.13.3.rel1.win32_1.0.100.202509120712/tools/bin/../lib/gcc/arm-none-eabi/13.3.1/thumb/v7e-m+fp/hard\libgcc.a(_dvmd_tls.o)
                0x08000cdc                __aeabi_idiv0
                0x08000cdc                __aeabi_ldiv0
 *(.text*)
 .text.LIS3DSH_WriteIO
                0x08000ce0       0x54 ./Core/Src/MY_LIS3DSH.o
                0x08000ce0                LIS3DSH_WriteIO
 .text.LIS3DSH_ReadIO
                0x08000d34       0x88 ./Core/Src/MY_LIS3DSH.o
                0x08000d34                LIS3DSH_ReadIO
 .text.LIS3DSH_Init
                0x08000dbc      0x1a0 ./Core/Src/MY_LIS3DSH.o
                0x08000dbc                LIS3DSH_Init
 .text.LIS3DSH_GetDataRaw
                0x08000f5c       0x7a ./Core/Src/MY_LIS3DSH.o
                0x08000f5c                LIS3DSH_GetDataRaw
 *fill*         0x08000fd6        0x2 
 .text.LIS3DSH_GetDataLinearScaled
                0x08000fd8      0x118 ./Core/Src/MY_LIS3DSH.o
                0x08000fd8                LIS3DSH_GetDataLinearScaled
 .text.LIS3DSH_PollDRDY
                0x080010f0       0x5c ./Core/Src/MY_LIS3DSH.o
                0x080010f0                LIS3DSH_PollDRDY
 .text.HAL_GPIO_EXTI_Callback
                0x0800114c       0x28 ./Core/Src/main.o
                0x0800114c                HAL_GPIO_EXTI_Callback
 .text.main     0x08001174      0x228 ./Core/Src/main.o
                0x08001174                main
 .text.SystemClock_Config
                0x0800139c       0xd8 ./Core/Src/main.o
                0x0800139c                SystemClock_Config
 .text.MX_RTC_Init
                0x08001474      0x118 ./Core/Src/main.o
 .text.MX_SPI1_Init
                0x0800158c       0x6c ./Core/Src/main.o
 .text.MX_USART2_UART_Init
                0x080015f8       0x54 ./Core/Src/main.o
 .text.MX_GPIO_Init
                0x0800164c      0x150 ./Core/Src/main.o
 .text.set_time
                0x0800179c       0x5c ./Core/Src/main.o
                0x0800179c                set_time
 .text.set_date
                0x080017f8       0x64 ./Core/Src/main.o
                0x080017f8                set_date
 .text.set_alarm
                0x0800185c       0x80 ./Core/Src/main.o
                0x0800185c                set_alarm
 .text.HAL_RTC_AlarmAEventCallback
                0x080018dc       0x14 ./Core/Src/main.o
                0x080018dc                HAL_RTC_AlarmAEventCallback
 .text.Error_Handler
                0x080018f0        0xc ./Core/Src/main.o
                0x080018f0                Error_Handler
 .text.HAL_MspInit
                0x080018fc       0x50 ./Core/Src/stm32f4xx_hal_msp.o
                0x080018fc                HAL_MspInit
 .text.HAL_RTC_MspInit
                0x0800194c       0x64 ./Core/Src/stm32f4xx_hal_msp.o
                0x0800194c                HAL_RTC_MspInit
 .text.HAL_SPI_MspInit
                0x080019b0       0x90 ./Core/Src/stm32f4xx_hal_msp.o
                0x080019b0                HAL_SPI_MspInit
 .text.HAL_UART_MspInit
                0x08001a40       0x90 ./Core/Src/stm32f4xx_hal_msp.o
                0x08001a40                HAL_UART_MspInit
 .text.NMI_Handler
                0x08001ad0        0x8 ./Core/Src/stm32f4xx_it.o
                0x08001ad0                NMI_Handler
 .text.HardFault_Handler
                0x08001ad8        0x8 ./Core/Src/stm32f4xx_it.o
                0x08001ad8                HardFault_Handler
 .text.MemManage_Handler
                0x08001ae0        0x8 ./Core/Src/stm32f4xx_it.o
                0x08001ae0                MemManage_Handler
 .text.BusFault_Handler
                0x08001ae8        0x8 ./Core/Src/stm32f4xx_it.o
                0x08001ae8                BusFault_Handler
 .text.UsageFault_Handler
                0x08001af0        0x8 ./Core/Src/stm32f4xx_it.o
                0x08001af0                UsageFault_Handler
 .text.SVC_Handler
                0x08001af8        0xe ./Core/Src/stm32f4xx_it.o
                0x08001af8                SVC_Handler
 .text.DebugMon_Handler
                0x08001b06        0xe ./Core/Src/stm32f4xx_it.o
                0x08001b06                DebugMon_Handler
 .text.PendSV_Handler
                0x08001b14        0xe ./Core/Src/stm32f4xx_it.o
                0x08001b14                PendSV_Handler
 .text.SysTick_Handler
                0x08001b22        0xc ./Core/Src/stm32f4xx_it.o
                0x08001b22                SysTick_Handler
 .text.EXTI0_IRQHandler
                0x08001b2e        0xe ./Core/Src/stm32f4xx_it.o
                0x08001b2e                EXTI0_IRQHandler
 .text.RTC_Alarm_IRQHandler
                0x08001b3c       0x14 ./Core/Src/stm32f4xx_it.o
                0x08001b3c                RTC_Alarm_IRQHandler
 .text.OTG_FS_IRQHandler
                0x08001b50       0x14 ./Core/Src/stm32f4xx_it.o
                0x08001b50                OTG_FS_IRQHandler
 .text.SystemInit
                0x08001b64       0x24 ./Core/Src/system_stm32f4xx.o
                0x08001b64                SystemInit
 .text.Reset_Handler
                0x08001b88       0x50 ./Core/Startup/startup_stm32f407vetx.o
                0x08001b88                Reset_Handler
 .text.Default_Handler
                0x08001bd8        0x2 ./Core/Startup/startup_stm32f407vetx.o
                0x08001bd8                HASH_RNG_IRQHandler
                0x08001bd8                EXTI2_IRQHandler
                0x08001bd8                TIM8_CC_IRQHandler
                0x08001bd8                TIM1_CC_IRQHandler
                0x08001bd8                DMA2_Stream5_IRQHandler
                0x08001bd8                DMA1_Stream5_IRQHandler
                0x08001bd8                PVD_IRQHandler
                0x08001bd8                SDIO_IRQHandler
                0x08001bd8                TAMP_STAMP_IRQHandler
                0x08001bd8                CAN2_RX1_IRQHandler
                0x08001bd8                EXTI3_IRQHandler
                0x08001bd8                TIM8_TRG_COM_TIM14_IRQHandler
                0x08001bd8                TIM1_UP_TIM10_IRQHandler
                0x08001bd8                TIM8_UP_TIM13_IRQHandler
                0x08001bd8                I2C3_ER_IRQHandler
                0x08001bd8                I2C2_EV_IRQHandler
                0x08001bd8                DMA1_Stream2_IRQHandler
                0x08001bd8                CAN1_RX0_IRQHandler
                0x08001bd8                FPU_IRQHandler
                0x08001bd8                OTG_HS_WKUP_IRQHandler
                0x08001bd8                CAN2_SCE_IRQHandler
                0x08001bd8                DMA2_Stream2_IRQHandler
                0x08001bd8                SPI1_IRQHandler
                0x08001bd8                TIM6_DAC_IRQHandler
                0x08001bd8                TIM1_BRK_TIM9_IRQHandler
                0x08001bd8                DCMI_IRQHandler
                0x08001bd8                CAN2_RX0_IRQHandler
                0x08001bd8                DMA2_Stream3_IRQHandler
                0x08001bd8                USART6_IRQHandler
                0x08001bd8                USART3_IRQHandler
                0x08001bd8                CAN1_RX1_IRQHandler
                0x08001bd8                UART5_IRQHandler
                0x08001bd8                DMA2_Stream0_IRQHandler
                0x08001bd8                TIM4_IRQHandler
                0x08001bd8                I2C1_EV_IRQHandler
                0x08001bd8                DMA1_Stream6_IRQHandler
                0x08001bd8                DMA1_Stream1_IRQHandler
                0x08001bd8                UART4_IRQHandler
                0x08001bd8                TIM3_IRQHandler
                0x08001bd8                RCC_IRQHandler
                0x08001bd8                TIM8_BRK_TIM12_IRQHandler
                0x08001bd8                Default_Handler
                0x08001bd8                EXTI15_10_IRQHandler
                0x08001bd8                ADC_IRQHandler
                0x08001bd8                DMA1_Stream7_IRQHandler
                0x08001bd8                TIM7_IRQHandler
                0x08001bd8                CAN2_TX_IRQHandler
                0x08001bd8                TIM5_IRQHandler
                0x08001bd8                DMA2_Stream7_IRQHandler
                0x08001bd8                I2C3_EV_IRQHandler
                0x08001bd8                EXTI9_5_IRQHandler
                0x08001bd8                RTC_WKUP_IRQHandler
                0x08001bd8                ETH_WKUP_IRQHandler
                0x08001bd8                SPI2_IRQHandler
                0x08001bd8                OTG_HS_EP1_IN_IRQHandler
                0x08001bd8                DMA1_Stream0_IRQHandler
                0x08001bd8                CAN1_TX_IRQHandler
                0x08001bd8                EXTI4_IRQHandler
                0x08001bd8                FSMC_IRQHandler
                0x08001bd8                ETH_IRQHandler
                0x08001bd8                OTG_HS_EP1_OUT_IRQHandler
                0x08001bd8                WWDG_IRQHandler
                0x08001bd8                TIM2_IRQHandler
                0x08001bd8                OTG_FS_WKUP_IRQHandler
                0x08001bd8                TIM1_TRG_COM_TIM11_IRQHandler
                0x08001bd8                OTG_HS_IRQHandler
                0x08001bd8                EXTI1_IRQHandler
                0x08001bd8                USART2_IRQHandler
                0x08001bd8                I2C2_ER_IRQHandler
                0x08001bd8                DMA2_Stream1_IRQHandler
                0x08001bd8                CAN1_SCE_IRQHandler
                0x08001bd8                FLASH_IRQHandler
                0x08001bd8                DMA2_Stream4_IRQHandler
                0x08001bd8                USART1_IRQHandler
                0x08001bd8                SPI3_IRQHandler
                0x08001bd8                DMA1_Stream4_IRQHandler
                0x08001bd8                I2C1_ER_IRQHandler
                0x08001bd8                DMA2_Stream6_IRQHandler
                0x08001bd8                DMA1_Stream3_IRQHandler
 *fill*         0x08001bda        0x2 
 .text.HAL_Init
                0x08001bdc       0x44 ./Drivers/STM32F4xx_HAL_Driver/Src/stm32f4xx_hal.o
                0x08001bdc                HAL_Init
 .text.HAL_InitTick
                0x08001c20       0x60 ./Drivers/STM32F4xx_HAL_Driver/Src/stm32f4xx_hal.o
                0x08001c20                HAL_InitTick
 .text.HAL_IncTick
                0x08001c80       0x28 ./Drivers/STM32F4xx_HAL_Driver/Src/stm32f4xx_hal.o
                0x08001c80                HAL_IncTick
 .text.HAL_GetTick
                0x08001ca8       0x18 ./Drivers/STM32F4xx_HAL_Driver/Src/stm32f4xx_hal.o
                0x08001ca8                HAL_GetTick
 .text.HAL_Delay
                0x08001cc0       0x48 ./Drivers/STM32F4xx_HAL_Driver/Src/stm32f4xx_hal.o
                0x08001cc0                HAL_Delay
 .text.__NVIC_SetPriorityGrouping
                0x08001d08       0x48 ./Drivers/STM32F4xx_HAL_Driver/Src/stm32f4xx_hal_cortex.o
 .text.__NVIC_GetPriorityGrouping
                0x08001d50       0x1c ./Drivers/STM32F4xx_HAL_Driver/Src/stm32f4xx_hal_cortex.o
 .text.__NVIC_EnableIRQ
                0x08001d6c       0x3c ./Drivers/STM32F4xx_HAL_Driver/Src/stm32f4xx_hal_cortex.o
 .text.__NVIC_SetPriority
                0x08001da8       0x54 ./Drivers/STM32F4xx_HAL_Driver/Src/stm32f4xx_hal_cortex.o
 .text.NVIC_EncodePriority
                0x08001dfc       0x66 ./Drivers/STM32F4xx_HAL_Driver/Src/stm32f4xx_hal_cortex.o
 *fill*         0x08001e62        0x2 
 .text.SysTick_Config
                0x08001e64       0x44 ./Drivers/STM32F4xx_HAL_Driver/Src/stm32f4xx_hal_cortex.o
 .text.HAL_NVIC_SetPriorityGrouping
                0x08001ea8       0x16 ./Drivers/STM32F4xx_HAL_Driver/Src/stm32f4xx_hal_cortex.o
                0x08001ea8                HAL_NVIC_SetPriorityGrouping
 .text.HAL_NVIC_SetPriority
                0x08001ebe       0x38 ./Drivers/STM32F4xx_HAL_Driver/Src/stm32f4xx_hal_cortex.o
                0x08001ebe                HAL_NVIC_SetPriority
 .text.HAL_NVIC_EnableIRQ
                0x08001ef6       0x1c ./Drivers/STM32F4xx_HAL_Driver/Src/stm32f4xx_hal_cortex.o
                0x08001ef6                HAL_NVIC_EnableIRQ
 .text.HAL_SYSTICK_Config
                0x08001f12       0x18 ./Drivers/STM32F4xx_HAL_Driver/Src/stm32f4xx_hal_cortex.o
                0x08001f12                HAL_SYSTICK_Config
 *fill*         0x08001f2a        0x2 
 .text.HAL_GPIO_Init
                0x08001f2c      0x338 ./Drivers/STM32F4xx_HAL_Driver/Src/stm32f4xx_hal_gpio.o
                0x08001f2c                HAL_GPIO_Init
 .text.HAL_GPIO_WritePin
                0x08002264       0x32 ./Drivers/STM32F4xx_HAL_Driver/Src/stm32f4xx_hal_gpio.o
                0x08002264                HAL_GPIO_WritePin
 *fill*         0x08002296        0x2 
 .text.HAL_GPIO_EXTI_IRQHandler
                0x08002298       0x30 ./Drivers/STM32F4xx_HAL_Driver/Src/stm32f4xx_hal_gpio.o
                0x08002298                HAL_GPIO_EXTI_IRQHandler
 .text.HAL_PCD_Init
                0x080022c8      0x21e ./Drivers/STM32F4xx_HAL_Driver/Src/stm32f4xx_hal_pcd.o
                0x080022c8                HAL_PCD_Init
 .text.HAL_PCD_Start
                0x080024e6       0x6a ./Drivers/STM32F4xx_HAL_Driver/Src/stm32f4xx_hal_pcd.o
                0x080024e6                HAL_PCD_Start
 .text.HAL_PCD_IRQHandler
                0x08002550      0x942 ./Drivers/STM32F4xx_HAL_Driver/Src/stm32f4xx_hal_pcd.o
                0x08002550                HAL_PCD_IRQHandler
 .text.HAL_PCD_SetAddress
                0x08002e92       0x48 ./Drivers/STM32F4xx_HAL_Driver/Src/stm32f4xx_hal_pcd.o
                0x08002e92                HAL_PCD_SetAddress
 .text.HAL_PCD_EP_Open
                0x08002eda       0xd4 ./Drivers/STM32F4xx_HAL_Driver/Src/stm32f4xx_hal_pcd.o
                0x08002eda                HAL_PCD_EP_Open
 .text.HAL_PCD_EP_Close
                0x08002fae       0x94 ./Drivers/STM32F4xx_HAL_Driver/Src/stm32f4xx_hal_pcd.o
                0x08002fae                HAL_PCD_EP_Close
 .text.HAL_PCD_EP_Receive
                0x08003042       0x76 ./Drivers/STM32F4xx_HAL_Driver/Src/stm32f4xx_hal_pcd.o
                0x08003042                HAL_PCD_EP_Receive
 .text.HAL_PCD_EP_Transmit
                0x080030b8       0x74 ./Drivers/STM32F4xx_HAL_Driver/Src/stm32f4xx_hal_pcd.o
                0x080030b8                HAL_PCD_EP_Transmit
 .text.HAL_PCD_EP_SetStall
                0x0800312c       0xc6 ./Drivers/STM32F4xx_HAL_Driver/Src/stm32f4xx_hal_pcd.o
                0x0800312c                HAL_PCD_EP_SetStall
 .text.HAL_PCD_EP_ClrStall
                0x080031f2       0xac ./Drivers/STM32F4xx_HAL_Driver/Src/stm32f4xx_hal_pcd.o
                0x080031f2                HAL_PCD_EP_ClrStall
 .text.HAL_PCD_EP_Abort
                0x0800329e       0x62 ./Drivers/STM32F4xx_HAL_Driver/Src/stm32f4xx_hal_pcd.o
                0x0800329e                HAL_PCD_EP_Abort
 .text.PCD_WriteEmptyTxFifo
                0x08003300      0x118 ./Drivers/STM32F4xx_HAL_Driver/Src/stm32f4xx_hal_pcd.o
 .text.PCD_EP_OutXfrComplete_int
                0x08003418      0x1d0 ./Drivers/STM32F4xx_HAL_Driver/Src/stm32f4xx_hal_pcd.o
 .text.PCD_EP_OutSetupPacket_int
                0x080035e8       0x8c ./Drivers/STM32F4xx_HAL_Driver/Src/stm32f4xx_hal_pcd.o
 .text.HAL_PCDEx_SetTxFiFo
                0x08003674       0x8e ./Drivers/STM32F4xx_HAL_Driver/Src/stm32f4xx_hal_pcd_ex.o
                0x08003674                HAL_PCDEx_SetTxFiFo
 .text.HAL_PCDEx_SetRxFiFo
                0x08003702       0x22 ./Drivers/STM32F4xx_HAL_Driver/Src/stm32f4xx_hal_pcd_ex.o
                0x08003702                HAL_PCDEx_SetRxFiFo
 .text.HAL_PCDEx_LPM_Callback
                0x08003724       0x18 ./Drivers/STM32F4xx_HAL_Driver/Src/stm32f4xx_hal_pcd_ex.o
                0x08003724                HAL_PCDEx_LPM_Callback
 .text.HAL_PWR_EnableBkUpAccess
                0x0800373c       0x28 ./Drivers/STM32F4xx_HAL_Driver/Src/stm32f4xx_hal_pwr.o
                0x0800373c                HAL_PWR_EnableBkUpAccess
 .text.HAL_RCC_OscConfig
                0x08003764      0x4f0 ./Drivers/STM32F4xx_HAL_Driver/Src/stm32f4xx_hal_rcc.o
                0x08003764                HAL_RCC_OscConfig
 .text.HAL_RCC_ClockConfig
                0x08003c54      0x1cc ./Drivers/STM32F4xx_HAL_Driver/Src/stm32f4xx_hal_rcc.o
                0x08003c54                HAL_RCC_ClockConfig
 .text.HAL_RCC_GetSysClockFreq
                0x08003e20      0x20c ./Drivers/STM32F4xx_HAL_Driver/Src/stm32f4xx_hal_rcc.o
                0x08003e20                HAL_RCC_GetSysClockFreq
 .text.HAL_RCC_GetHCLKFreq
                0x0800402c       0x18 ./Drivers/STM32F4xx_HAL_Driver/Src/stm32f4xx_hal_rcc.o
                0x0800402c                HAL_RCC_GetHCLKFreq
 .text.HAL_RCC_GetPCLK1Freq
                0x08004044       0x28 ./Drivers/STM32F4xx_HAL_Driver/Src/stm32f4xx_hal_rcc.o
                0x08004044                HAL_RCC_GetPCLK1Freq
 .text.HAL_RCC_GetPCLK2Freq
                0x0800406c       0x28 ./Drivers/STM32F4xx_HAL_Driver/Src/stm32f4xx_hal_rcc.o
                0x0800406c                HAL_RCC_GetPCLK2Freq
 .text.HAL_RCCEx_PeriphCLKConfig
                0x08004094      0x1c4 ./Drivers/STM32F4xx_HAL_Driver/Src/stm32f4xx_hal_rcc_ex.o
                0x08004094                HAL_RCCEx_PeriphCLKConfig
 .text.HAL_RTC_Init
                0x08004258      0x102 ./Drivers/STM32F4xx_HAL_Driver/Src/stm32f4xx_hal_rtc.o
                0x08004258                HAL_RTC_Init
 .text.HAL_RTC_SetTime
                0x0800435a      0x134 ./Drivers/STM32F4xx_HAL_Driver/Src/stm32f4xx_hal_rtc.o
                0x0800435a                HAL_RTC_SetTime
 .text.HAL_RTC_SetDate
                0x0800448e      0x108 ./Drivers/STM32F4xx_HAL_Driver/Src/stm32f4xx_hal_rtc.o
                0x0800448e                HAL_RTC_SetDate
 .text.HAL_RTC_GetDate
                0x08004596       0x9e ./Drivers/STM32F4xx_HAL_Driver/Src/stm32f4xx_hal_rtc.o
                0x08004596                HAL_RTC_GetDate
 .text.HAL_RTC_SetAlarm_IT
                0x08004634      0x288 ./Drivers/STM32F4xx_HAL_Driver/Src/stm32f4xx_hal_rtc.o
                0x08004634                HAL_RTC_SetAlarm_IT
 .text.HAL_RTC_AlarmIRQHandler
                0x080048bc       0x8c ./Drivers/STM32F4xx_HAL_Driver/Src/stm32f4xx_hal_rtc.o
                0x080048bc                HAL_RTC_AlarmIRQHandler
 .text.HAL_RTC_WaitForSynchro
                0x08004948       0x4c ./Drivers/STM32F4xx_HAL_Driver/Src/stm32f4xx_hal_rtc.o
                0x08004948                HAL_RTC_WaitForSynchro
 .text.RTC_EnterInitMode
                0x08004994       0x6e ./Drivers/STM32F4xx_HAL_Driver/Src/stm32f4xx_hal_rtc.o
                0x08004994                RTC_EnterInitMode
 .text.RTC_ExitInitMode
                0x08004a02       0x4a ./Drivers/STM32F4xx_HAL_Driver/Src/stm32f4xx_hal_rtc.o
                0x08004a02                RTC_ExitInitMode
 .text.RTC_ByteToBcd2
                0x08004a4c       0x3c ./Drivers/STM32F4xx_HAL_Driver/Src/stm32f4xx_hal_rtc.o
                0x08004a4c                RTC_ByteToBcd2
 .text.RTC_Bcd2ToByte
                0x08004a88       0x3c ./Drivers/STM32F4xx_HAL_Driver/Src/stm32f4xx_hal_rtc.o
                0x08004a88                RTC_Bcd2ToByte
 .text.HAL_RTCEx_BKUPWrite
                0x08004ac4       0x34 ./Drivers/STM32F4xx_HAL_Driver/Src/stm32f4xx_hal_rtc_ex.o
                0x08004ac4                HAL_RTCEx_BKUPWrite
 .text.HAL_RTCEx_AlarmBEventCallback
                0x08004af8       0x14 ./Drivers/STM32F4xx_HAL_Driver/Src/stm32f4xx_hal_rtc_ex.o
                0x08004af8                HAL_RTCEx_AlarmBEventCallback
 .text.HAL_SPI_Init
                0x08004b0c      0x112 ./Drivers/STM32F4xx_HAL_Driver/Src/stm32f4xx_hal_spi.o
                0x08004b0c                HAL_SPI_Init
 .text.HAL_SPI_Transmit
                0x08004c1e      0x288 ./Drivers/STM32F4xx_HAL_Driver/Src/stm32f4xx_hal_spi.o
                0x08004c1e                HAL_SPI_Transmit
 .text.HAL_SPI_Receive
                0x08004ea6      0x232 ./Drivers/STM32F4xx_HAL_Driver/Src/stm32f4xx_hal_spi.o
                0x08004ea6                HAL_SPI_Receive
 .text.HAL_SPI_TransmitReceive
                0x080050d8      0x352 ./Drivers/STM32F4xx_HAL_Driver/Src/stm32f4xx_hal_spi.o
                0x080050d8                HAL_SPI_TransmitReceive
 *fill*         0x0800542a        0x2 
 .text.SPI_WaitFlagStateUntilTimeout
                0x0800542c      0x110 ./Drivers/STM32F4xx_HAL_Driver/Src/stm32f4xx_hal_spi.o
 .text.SPI_EndRxTransaction
                0x0800553c       0xca ./Drivers/STM32F4xx_HAL_Driver/Src/stm32f4xx_hal_spi.o
 *fill*         0x08005606        0x2 
 .text.SPI_EndRxTxTransaction
                0x08005608       0xa8 ./Drivers/STM32F4xx_HAL_Driver/Src/stm32f4xx_hal_spi.o
 .text.HAL_UART_Init
                0x080056b0       0xa0 ./Drivers/STM32F4xx_HAL_Driver/Src/stm32f4xx_hal_uart.o
                0x080056b0                HAL_UART_Init
 .text.UART_SetConfig
                0x08005750      0x4e8 ./Drivers/STM32F4xx_HAL_Driver/Src/stm32f4xx_hal_uart.o
 .text.USB_CoreInit
                0x08005c38       0xc8 ./Drivers/STM32F4xx_HAL_Driver/Src/stm32f4xx_ll_usb.o
                0x08005c38                USB_CoreInit
 .text.USB_SetTurnaroundTime
                0x08005d00      0x144 ./Drivers/STM32F4xx_HAL_Driver/Src/stm32f4xx_ll_usb.o
                0x08005d00                USB_SetTurnaroundTime
 .text.USB_EnableGlobalInt
                0x08005e44       0x22 ./Drivers/STM32F4xx_HAL_Driver/Src/stm32f4xx_ll_usb.o
                0x08005e44                USB_EnableGlobalInt
 .text.USB_DisableGlobalInt
                0x08005e66       0x22 ./Drivers/STM32F4xx_HAL_Driver/Src/stm32f4xx_ll_usb.o
                0x08005e66                USB_DisableGlobalInt
 .text.USB_SetCurrentMode
                0x08005e88       0x98 ./Drivers/STM32F4xx_HAL_Driver/Src/stm32f4xx_ll_usb.o
                0x08005e88                USB_SetCurrentMode
 .text.USB_DevInit
                0x08005f20      0x2c8 ./Drivers/STM32F4xx_HAL_Driver/Src/stm32f4xx_ll_usb.o
                0x08005f20                USB_DevInit
 .text.USB_FlushTxFifo
                0x080061e8       0x64 ./Drivers/STM32F4xx_HAL_Driver/Src/stm32f4xx_ll_usb.o
                0x080061e8                USB_FlushTxFifo
 .text.USB_FlushRxFifo
                0x0800624c       0x5c ./Drivers/STM32F4xx_HAL_Driver/Src/stm32f4xx_ll_usb.o
                0x0800624c                USB_FlushRxFifo
 .text.USB_SetDevSpeed
                0x080062a8       0x32 ./Drivers/STM32F4xx_HAL_Driver/Src/stm32f4xx_ll_usb.o
                0x080062a8                USB_SetDevSpeed
 .text.USB_GetDevSpeed
                0x080062da       0x4a ./Drivers/STM32F4xx_HAL_Driver/Src/stm32f4xx_ll_usb.o
                0x080062da                USB_GetDevSpeed
 .text.USB_ActivateEndpoint
                0x08006324      0x10e ./Drivers/STM32F4xx_HAL_Driver/Src/stm32f4xx_ll_usb.o
                0x08006324                USB_ActivateEndpoint
 *fill*         0x08006432        0x2 
 .text.USB_DeactivateEndpoint
                0x08006434      0x1b8 ./Drivers/STM32F4xx_HAL_Driver/Src/stm32f4xx_ll_usb.o
                0x08006434                USB_DeactivateEndpoint
 .text.USB_EPStartXfer
                0x080065ec      0x53c ./Drivers/STM32F4xx_HAL_Driver/Src/stm32f4xx_ll_usb.o
                0x080065ec                USB_EPStartXfer
 .text.USB_EPStopXfer
                0x08006b28      0x154 ./Drivers/STM32F4xx_HAL_Driver/Src/stm32f4xx_ll_usb.o
                0x08006b28                USB_EPStopXfer
 .text.USB_WritePacket
                0x08006c7c       0x7c ./Drivers/STM32F4xx_HAL_Driver/Src/stm32f4xx_ll_usb.o
                0x08006c7c                USB_WritePacket
 .text.USB_ReadPacket
                0x08006cf8       0xb0 ./Drivers/STM32F4xx_HAL_Driver/Src/stm32f4xx_ll_usb.o
                0x08006cf8                USB_ReadPacket
 .text.USB_EPSetStall
                0x08006da8       0xdc ./Drivers/STM32F4xx_HAL_Driver/Src/stm32f4xx_ll_usb.o
                0x08006da8                USB_EPSetStall
 .text.USB_EPClearStall
                0x08006e84       0xcc ./Drivers/STM32F4xx_HAL_Driver/Src/stm32f4xx_ll_usb.o
                0x08006e84                USB_EPClearStall
 .text.USB_SetDevAddress
                0x08006f50       0x4c ./Drivers/STM32F4xx_HAL_Driver/Src/stm32f4xx_ll_usb.o
                0x08006f50                USB_SetDevAddress
 .text.USB_DevConnect
                0x08006f9c       0x42 ./Drivers/STM32F4xx_HAL_Driver/Src/stm32f4xx_ll_usb.o
                0x08006f9c                USB_DevConnect
 .text.USB_DevDisconnect
                0x08006fde       0x42 ./Drivers/STM32F4xx_HAL_Driver/Src/stm32f4xx_ll_usb.o
                0x08006fde                USB_DevDisconnect
 .text.USB_ReadInterrupts
                0x08007020       0x26 ./Drivers/STM32F4xx_HAL_Driver/Src/stm32f4xx_ll_usb.o
                0x08007020                USB_ReadInterrupts
 .text.USB_ReadDevAllOutEpInterrupt
                0x08007046       0x34 ./Drivers/STM32F4xx_HAL_Driver/Src/stm32f4xx_ll_usb.o
                0x08007046                USB_ReadDevAllOutEpInterrupt
 .text.USB_ReadDevAllInEpInterrupt
                0x0800707a       0x34 ./Drivers/STM32F4xx_HAL_Driver/Src/stm32f4xx_ll_usb.o
                0x0800707a                USB_ReadDevAllInEpInterrupt
 .text.USB_ReadDevOutEPInterrupt
                0x080070ae       0x3c ./Drivers/STM32F4xx_HAL_Driver/Src/stm32f4xx_ll_usb.o
                0x080070ae                USB_ReadDevOutEPInterrupt
 .text.USB_ReadDevInEPInterrupt
                0x080070ea       0x5c ./Drivers/STM32F4xx_HAL_Driver/Src/stm32f4xx_ll_usb.o
                0x080070ea                USB_ReadDevInEPInterrupt
 .text.USB_GetMode
                0x08007146       0x1c ./Drivers/STM32F4xx_HAL_Driver/Src/stm32f4xx_ll_usb.o
                0x08007146                USB_GetMode
 .text.USB_ActivateSetup
                0x08007162       0x46 ./Drivers/STM32F4xx_HAL_Driver/Src/stm32f4xx_ll_usb.o
                0x08007162                USB_ActivateSetup
 .text.USB_EP0_OutStart
                0x080071a8       0xbc ./Drivers/STM32F4xx_HAL_Driver/Src/stm32f4xx_ll_usb.o
                0x080071a8                USB_EP0_OutStart
 .text.USB_CoreReset
                0x08007264       0x70 ./Drivers/STM32F4xx_HAL_Driver/Src/stm32f4xx_ll_usb.o
 .text.USBD_HID_Init
                0x080072d4       0xcc ./Middlewares/ST/STM32_USB_Device_Library/Class/HID/Src/usbd_hid.o
 .text.USBD_HID_DeInit
                0x080073a0       0x90 ./Middlewares/ST/STM32_USB_Device_Library/Class/HID/Src/usbd_hid.o
 .text.USBD_HID_Setup
                0x08007430      0x210 ./Middlewares/ST/STM32_USB_Device_Library/Class/HID/Src/usbd_hid.o
 .text.USBD_HID_SendReport
                0x08007640       0x60 ./Middlewares/ST/STM32_USB_Device_Library/Class/HID/Src/usbd_hid.o
                0x08007640                USBD_HID_SendReport
 .text.USBD_HID_GetFSCfgDesc
                0x080076a0       0x34 ./Middlewares/ST/STM32_USB_Device_Library/Class/HID/Src/usbd_hid.o
 .text.USBD_HID_GetHSCfgDesc
                0x080076d4       0x34 ./Middlewares/ST/STM32_USB_Device_Library/Class/HID/Src/usbd_hid.o
 .text.USBD_HID_GetOtherSpeedCfgDesc
                0x08007708       0x34 ./Middlewares/ST/STM32_USB_Device_Library/Class/HID/Src/usbd_hid.o
 .text.USBD_HID_DataIn
                0x0800773c       0x2c ./Middlewares/ST/STM32_USB_Device_Library/Class/HID/Src/usbd_hid.o
 .text.USBD_HID_GetDeviceQualifierDesc
                0x08007768       0x20 ./Middlewares/ST/STM32_USB_Device_Library/Class/HID/Src/usbd_hid.o
 .text.USBD_Init
                0x08007788       0x60 ./Middlewares/ST/STM32_USB_Device_Library/Core/Src/usbd_core.o
                0x08007788                USBD_Init
 .text.USBD_RegisterClass
                0x080077e8       0x6c ./Middlewares/ST/STM32_USB_Device_Library/Core/Src/usbd_core.o
                0x080077e8                USBD_RegisterClass
 .text.USBD_Start
                0x08007854       0x18 ./Middlewares/ST/STM32_USB_Device_Library/Core/Src/usbd_core.o
                0x08007854                USBD_Start
 .text.USBD_RunTestMode
                0x0800786c       0x16 ./Middlewares/ST/STM32_USB_Device_Library/Core/Src/usbd_core.o
                0x0800786c                USBD_RunTestMode
 .text.USBD_SetClassConfig
                0x08007882       0x38 ./Middlewares/ST/STM32_USB_Device_Library/Core/Src/usbd_core.o
                0x08007882                USBD_SetClassConfig
 .text.USBD_ClrClassConfig
                0x080078ba       0x34 ./Middlewares/ST/STM32_USB_Device_Library/Core/Src/usbd_core.o
                0x080078ba                USBD_ClrClassConfig
 .text.USBD_LL_SetupStage
                0x080078ee       0xaa ./Middlewares/ST/STM32_USB_Device_Library/Core/Src/usbd_core.o
                0x080078ee                USBD_LL_SetupStage
 .text.USBD_LL_DataOutStage
                0x08007998      0x178 ./Middlewares/ST/STM32_USB_Device_Library/Core/Src/usbd_core.o
                0x08007998                USBD_LL_DataOutStage
 .text.USBD_LL_DataInStage
                0x08007b10      0x176 ./Middlewares/ST/STM32_USB_Device_Library/Core/Src/usbd_core.o
                0x08007b10                USBD_LL_DataInStage
 .text.USBD_LL_Reset
                0x08007c86       0xa6 ./Middlewares/ST/STM32_USB_Device_Library/Core/Src/usbd_core.o
                0x08007c86                USBD_LL_Reset
 .text.USBD_LL_SetSpeed
                0x08007d2c       0x20 ./Middlewares/ST/STM32_USB_Device_Library/Core/Src/usbd_core.o
                0x08007d2c                USBD_LL_SetSpeed
 .text.USBD_LL_Suspend
                0x08007d4c       0x38 ./Middlewares/ST/STM32_USB_Device_Library/Core/Src/usbd_core.o
                0x08007d4c                USBD_LL_Suspend
 .text.USBD_LL_Resume
                0x08007d84       0x30 ./Middlewares/ST/STM32_USB_Device_Library/Core/Src/usbd_core.o
                0x08007d84                USBD_LL_Resume
 .text.USBD_LL_SOF
                0x08007db4       0x40 ./Middlewares/ST/STM32_USB_Device_Library/Core/Src/usbd_core.o
                0x08007db4                USBD_LL_SOF
 .text.USBD_LL_IsoINIncomplete
                0x08007df4       0x64 ./Middlewares/ST/STM32_USB_Device_Library/Core/Src/usbd_core.o
                0x08007df4                USBD_LL_IsoINIncomplete
 .text.USBD_LL_IsoOUTIncomplete
                0x08007e58       0x64 ./Middlewares/ST/STM32_USB_Device_Library/Core/Src/usbd_core.o
                0x08007e58                USBD_LL_IsoOUTIncomplete
 .text.USBD_LL_DevConnected
                0x08007ebc       0x16 ./Middlewares/ST/STM32_USB_Device_Library/Core/Src/usbd_core.o
                0x08007ebc                USBD_LL_DevConnected
 .text.USBD_LL_DevDisconnected
                0x08007ed2       0x46 ./Middlewares/ST/STM32_USB_Device_Library/Core/Src/usbd_core.o
                0x08007ed2                USBD_LL_DevDisconnected
 .text.USBD_CoreFindIF
                0x08007f18       0x1a ./Middlewares/ST/STM32_USB_Device_Library/Core/Src/usbd_core.o
                0x08007f18                USBD_CoreFindIF
 .text.USBD_CoreFindEP
                0x08007f32       0x1a ./Middlewares/ST/STM32_USB_Device_Library/Core/Src/usbd_core.o
                0x08007f32                USBD_CoreFindEP
 .text.USBD_GetEpDesc
                0x08007f4c       0x70 ./Middlewares/ST/STM32_USB_Device_Library/Core/Src/usbd_core.o
                0x08007f4c                USBD_GetEpDesc
 .text.USBD_GetNextDesc
                0x08007fbc       0x38 ./Middlewares/ST/STM32_USB_Device_Library/Core/Src/usbd_core.o
                0x08007fbc                USBD_GetNextDesc
 .text.SWAPBYTE
                0x08007ff4       0x3e ./Middlewares/ST/STM32_USB_Device_Library/Core/Src/usbd_ctlreq.o
 *fill*         0x08008032        0x2 
 .text.USBD_StdDevReq
                0x08008034       0xe4 ./Middlewares/ST/STM32_USB_Device_Library/Core/Src/usbd_ctlreq.o
                0x08008034                USBD_StdDevReq
 .text.USBD_StdItfReq
                0x08008118       0xd8 ./Middlewares/ST/STM32_USB_Device_Library/Core/Src/usbd_ctlreq.o
                0x08008118                USBD_StdItfReq
 .text.USBD_StdEPReq
                0x080081f0      0x33e ./Middlewares/ST/STM32_USB_Device_Library/Core/Src/usbd_ctlreq.o
                0x080081f0                USBD_StdEPReq
 *fill*         0x0800852e        0x2 
 .text.USBD_GetDescriptor
                0x08008530      0x2d4 ./Middlewares/ST/STM32_USB_Device_Library/Core/Src/usbd_ctlreq.o
 .text.USBD_SetAddress
                0x08008804       0x88 ./Middlewares/ST/STM32_USB_Device_Library/Core/Src/usbd_ctlreq.o
 .text.USBD_SetConfig
                0x0800888c      0x154 ./Middlewares/ST/STM32_USB_Device_Library/Core/Src/usbd_ctlreq.o
 .text.USBD_GetConfig
                0x080089e0       0x6c ./Middlewares/ST/STM32_USB_Device_Library/Core/Src/usbd_ctlreq.o
 .text.USBD_GetStatus
                0x08008a4c       0x68 ./Middlewares/ST/STM32_USB_Device_Library/Core/Src/usbd_ctlreq.o
 .text.USBD_SetFeature
                0x08008ab4       0x52 ./Middlewares/ST/STM32_USB_Device_Library/Core/Src/usbd_ctlreq.o
 .text.USBD_ClrFeature
                0x08008b06       0x44 ./Middlewares/ST/STM32_USB_Device_Library/Core/Src/usbd_ctlreq.o
 .text.USBD_ParseSetupRequest
                0x08008b4a       0x74 ./Middlewares/ST/STM32_USB_Device_Library/Core/Src/usbd_ctlreq.o
                0x08008b4a                USBD_ParseSetupRequest
 .text.USBD_CtlError
                0x08008bbe       0x22 ./Middlewares/ST/STM32_USB_Device_Library/Core/Src/usbd_ctlreq.o
                0x08008bbe                USBD_CtlError
 .text.USBD_GetString
                0x08008be0       0xa4 ./Middlewares/ST/STM32_USB_Device_Library/Core/Src/usbd_ctlreq.o
                0x08008be0                USBD_GetString
 .text.USBD_GetLen
                0x08008c84       0x34 ./Middlewares/ST/STM32_USB_Device_Library/Core/Src/usbd_ctlreq.o
 .text.USBD_CtlSendData
                0x08008cb8       0x3c ./Middlewares/ST/STM32_USB_Device_Library/Core/Src/usbd_ioreq.o
                0x08008cb8                USBD_CtlSendData
 .text.USBD_CtlContinueSendData
                0x08008cf4       0x22 ./Middlewares/ST/STM32_USB_Device_Library/Core/Src/usbd_ioreq.o
                0x08008cf4                USBD_CtlContinueSendData
 .text.USBD_CtlContinueRx
                0x08008d16       0x22 ./Middlewares/ST/STM32_USB_Device_Library/Core/Src/usbd_ioreq.o
                0x08008d16                USBD_CtlContinueRx
 .text.USBD_CtlSendStatus
                0x08008d38       0x26 ./Middlewares/ST/STM32_USB_Device_Library/Core/Src/usbd_ioreq.o
                0x08008d38                USBD_CtlSendStatus
 .text.USBD_CtlReceiveStatus
                0x08008d5e       0x26 ./Middlewares/ST/STM32_USB_Device_Library/Core/Src/usbd_ioreq.o
                0x08008d5e                USBD_CtlReceiveStatus
 .text.MX_USB_DEVICE_Init
                0x08008d84       0x4c ./USB_DEVICE/App/usb_device.o
                0x08008d84                MX_USB_DEVICE_Init
 .text.USBD_FS_DeviceDescriptor
                0x08008dd0       0x24 ./USB_DEVICE/App/usbd_desc.o
                0x08008dd0                USBD_FS_DeviceDescriptor
 .text.USBD_FS_LangIDStrDescriptor
                0x08008df4       0x24 ./USB_DEVICE/App/usbd_desc.o
                0x08008df4                USBD_FS_LangIDStrDescriptor
 .text.USBD_FS_ProductStrDescriptor
                0x08008e18       0x3c ./USB_DEVICE/App/usbd_desc.o
                0x08008e18                USBD_FS_ProductStrDescriptor
 .text.USBD_FS_ManufacturerStrDescriptor
                0x08008e54       0x28 ./USB_DEVICE/App/usbd_desc.o
                0x08008e54                USBD_FS_ManufacturerStrDescriptor
 .text.USBD_FS_SerialStrDescriptor
                0x08008e7c       0x24 ./USB_DEVICE/App/usbd_desc.o
                0x08008e7c                USBD_FS_SerialStrDescriptor
 .text.USBD_FS_ConfigStrDescriptor
                0x08008ea0       0x3c ./USB_DEVICE/App/usbd_desc.o
                0x08008ea0                USBD_FS_ConfigStrDescriptor
 .text.USBD_FS_InterfaceStrDescriptor
                0x08008edc       0x3c ./USB_DEVICE/App/usbd_desc.o
                0x08008edc                USBD_FS_InterfaceStrDescriptor
 .text.Get_SerialNum
                0x08008f18       0x58 ./USB_DEVICE/App/usbd_desc.o
 .text.IntToUnicode
                0x08008f70       0x7e ./USB_DEVICE/App/usbd_desc.o
 *fill*         0x08008fee        0x2 
 .text.HAL_PCD_MspInit
                0x08008ff0       0xa8 ./USB_DEVICE/Target/usbd_conf.o
                0x08008ff0                HAL_PCD_MspInit
 .text.HAL_PCD_SetupStageCallback
                0x08009098       0x24 ./USB_DEVICE/Target/usbd_conf.o
                0x08009098                HAL_PCD_SetupStageCallback
 .text.HAL_PCD_DataOutStageCallback
                0x080090bc       0x36 ./USB_DEVICE/Target/usbd_conf.o
                0x080090bc                HAL_PCD_DataOutStageCallback
 .text.HAL_PCD_DataInStageCallback
                0x080090f2       0x34 ./USB_DEVICE/Target/usbd_conf.o
                0x080090f2                HAL_PCD_DataInStageCallback
 .text.HAL_PCD_SOFCallback
                0x08009126       0x1c ./USB_DEVICE/Target/usbd_conf.o
                0x08009126                HAL_PCD_SOFCallback
 .text.HAL_PCD_ResetCallback
                0x08009142       0x50 ./USB_DEVICE/Target/usbd_conf.o
                0x08009142                HAL_PCD_ResetCallback
 *fill*         0x08009192        0x2 
 .text.HAL_PCD_SuspendCallback
                0x08009194       0x4c ./USB_DEVICE/Target/usbd_conf.o
                0x08009194                HAL_PCD_SuspendCallback
 .text.HAL_PCD_ResumeCallback
                0x080091e0       0x1c ./USB_DEVICE/Target/usbd_conf.o
                0x080091e0                HAL_PCD_ResumeCallback
 .text.HAL_PCD_ISOOUTIncompleteCallback
                0x080091fc       0x24 ./USB_DEVICE/Target/usbd_conf.o
                0x080091fc                HAL_PCD_ISOOUTIncompleteCallback
 .text.HAL_PCD_ISOINIncompleteCallback
                0x08009220       0x24 ./USB_DEVICE/Target/usbd_conf.o
                0x08009220                HAL_PCD_ISOINIncompleteCallback
 .text.HAL_PCD_ConnectCallback
                0x08009244       0x1c ./USB_DEVICE/Target/usbd_conf.o
                0x08009244                HAL_PCD_ConnectCallback
 .text.HAL_PCD_DisconnectCallback
                0x08009260       0x1c ./USB_DEVICE/Target/usbd_conf.o
                0x08009260                HAL_PCD_DisconnectCallback
 .text.USBD_LL_Init
                0x0800927c       0x98 ./USB_DEVICE/Target/usbd_conf.o
                0x0800927c                USBD_LL_Init
 .text.USBD_LL_Start
                0x08009314       0x36 ./USB_DEVICE/Target/usbd_conf.o
                0x08009314                USBD_LL_Start
 .text.USBD_LL_OpenEP
                0x0800934a       0x4c ./USB_DEVICE/Target/usbd_conf.o
                0x0800934a                USBD_LL_OpenEP
 .text.USBD_LL_CloseEP
                0x08009396       0x3e ./USB_DEVICE/Target/usbd_conf.o
                0x08009396                USBD_LL_CloseEP
 .text.USBD_LL_StallEP
                0x080093d4       0x3e ./USB_DEVICE/Target/usbd_conf.o
                0x080093d4                USBD_LL_StallEP
 .text.USBD_LL_ClearStallEP
                0x08009412       0x3e ./USB_DEVICE/Target/usbd_conf.o
                0x08009412                USBD_LL_ClearStallEP
 .text.USBD_LL_IsStallEP
                0x08009450       0x58 ./USB_DEVICE/Target/usbd_conf.o
                0x08009450                USBD_LL_IsStallEP
 .text.USBD_LL_SetUSBAddress
                0x080094a8       0x3e ./USB_DEVICE/Target/usbd_conf.o
                0x080094a8                USBD_LL_SetUSBAddress
 .text.USBD_LL_Transmit
                0x080094e6       0x42 ./USB_DEVICE/Target/usbd_conf.o
                0x080094e6                USBD_LL_Transmit
 .text.USBD_LL_PrepareReceive
                0x08009528       0x42 ./USB_DEVICE/Target/usbd_conf.o
                0x08009528                USBD_LL_PrepareReceive
 *fill*         0x0800956a        0x2 
 .text.USBD_static_malloc
                0x0800956c       0x1c ./USB_DEVICE/Target/usbd_conf.o
                0x0800956c                USBD_static_malloc
 .text.USBD_static_free
                0x08009588       0x14 ./USB_DEVICE/Target/usbd_conf.o
                0x08009588                USBD_static_free
 .text.USBD_Get_USB_Status
                0x0800959c       0x58 ./USB_DEVICE/Target/usbd_conf.o
                0x0800959c                USBD_Get_USB_Status
 .text.memset   0x080095f4       0x10 C:/ST/STM32CubeIDE_2.0.0/STM32CubeIDE/plugins/com.st.stm32cube.ide.mcu.externaltools.gnu-tools-for-stm32.13.3.rel1.win32_1.0.100.202509120712/tools/bin/../lib/gcc/arm-none-eabi/13.3.1/../../../../arm-none-eabi/lib/thumb/v7e-m+fp/hard\libc_nano.a(libc_a-memset.o)
                0x080095f4                memset
 .text.__libc_init_array
                0x08009604       0x48 C:/ST/STM32CubeIDE_2.0.0/STM32CubeIDE/plugins/com.st.stm32cube.ide.mcu.externaltools.gnu-tools-for-stm32.13.3.rel1.win32_1.0.100.202509120712/tools/bin/../lib/gcc/arm-none-eabi/13.3.1/../../../../arm-none-eabi/lib/thumb/v7e-m+fp/hard\libc_nano.a(libc_a-init.o)
                0x08009604                __libc_init_array
 .text.memcpy   0x0800964c       0x1c C:/ST/STM32CubeIDE_2.0.0/STM32CubeIDE/plugins/com.st.stm32cube.ide.mcu.externaltools.gnu-tools-for-stm32.13.3.rel1.win32_1.0.100.202509120712/tools/bin/../lib/gcc/arm-none-eabi/13.3.1/../../../../arm-none-eabi/lib/thumb/v7e-m+fp/hard\libc_nano.a(libc_a-memcpy-stub.o)
                0x0800964c                memcpy
 *(.glue_7)
 .glue_7        0x08009668        0x0 linker stubs
 *(.glue_7t)
 .glue_7t       0x08009668        0x0 linker stubs
 *(.eh_frame)
 .eh_frame      0x08009668        0x0 C:/ST/STM32CubeIDE_2.0.0/STM32CubeIDE/plugins/com.st.stm32cube.ide.mcu.externaltools.gnu-tools-for-stm32.13.3.rel1.win32_1.0.100.202509120712/tools/bin/../lib/gcc/arm-none-eabi/13.3.1/thumb/v7e-m+fp/hard/crtbegin.o
 *(.init)
 .init          0x08009668        0x4 C:/ST/STM32CubeIDE_2.0.0/STM32CubeIDE/plugins/com.st.stm32cube.ide.mcu.externaltools.gnu-tools-for-stm32.13.3.rel1.win32_1.0.100.202509120712/tools/bin/../lib/gcc/arm-none-eabi/13.3.1/thumb/v7e-m+fp/hard/crti.o
                0x08009668                _init
 .init          0x0800966c        0x8 C:/ST/STM32CubeIDE_2.0.0/STM32CubeIDE/plugins/com.st.stm32cube.ide.mcu.externaltools.gnu-tools-for-stm32.13.3.rel1.win32_1.0.100.202509120712/tools/bin/../lib/gcc/arm-none-eabi/13.3.1/thumb/v7e-m+fp/hard/crtn.o
 *(.fini)
 .fini          0x08009674        0x4 C:/ST/STM32CubeIDE_2.0.0/STM32CubeIDE/plugins/com.st.stm32cube.ide.mcu.externaltools.gnu-tools-for-stm32.13.3.rel1.win32_1.0.100.202509120712/tools/bin/../lib/gcc/arm-none-eabi/13.3.1/thumb/v7e-m+fp/hard/crti.o
                0x08009674                _fini
 .fini          0x08009678        0x8 C:/ST/STM32CubeIDE_2.0.0/STM32CubeIDE/plugins/com.st.stm32cube.ide.mcu.externaltools.gnu-tools-for-stm32.13.3.rel1.win32_1.0.100.202509120712/tools/bin/../lib/gcc/arm-none-eabi/13.3.1/thumb/v7e-m+fp/hard/crtn.o
                0x08009680                        . = ALIGN (0x4)
                0x08009680                        _etext = .

.vfp11_veneer   0x08009680        0x0
 .vfp11_veneer  0x08009680        0x0 linker stubs

.v4_bx          0x08009680        0x0
 .v4_bx         0x08009680        0x0 linker stubs

.iplt           0x08009680        0x0
 .iplt          0x08009680        0x0 C:/ST/STM32CubeIDE_2.0.0/STM32CubeIDE/plugins/com.st.stm32cube.ide.mcu.externaltools.gnu-tools-for-stm32.13.3.rel1.win32_1.0.100.202509120712/tools/bin/../lib/gcc/arm-none-eabi/13.3.1/thumb/v7e-m+fp/hard/crtbegin.o

.rodata         0x08009680       0x54
                0x08009680                        . = ALIGN (0x4)
 *(.rodata)
 .rodata        0x08009680       0x3a ./USB_DEVICE/App/usbd_desc.o
 *(.rodata*)
 *fill*         0x080096ba        0x2 
 .rodata.AHBPrescTable
                0x080096bc       0x10 ./Core/Src/system_stm32f4xx.o
                0x080096bc                AHBPrescTable
 .rodata.APBPrescTable
                0x080096cc        0x8 ./Core/Src/system_stm32f4xx.o
                0x080096cc                APBPrescTable
                0x080096d4                        . = ALIGN (0x4)

.ARM.extab      0x080096d4        0x0
                0x080096d4                        . = ALIGN (0x4)
 *(.ARM.extab* .gnu.linkonce.armextab.*)
                0x080096d4                        . = ALIGN (0x4)

.ARM            0x080096d4        0x8
                0x080096d4                        . = ALIGN (0x4)
                0x080096d4                        __exidx_start = .
 *(.ARM.exidx*)
 .ARM.exidx     0x080096d4        0x8 C:/ST/STM32CubeIDE_2.0.0/STM32CubeIDE/plugins/com.st.stm32cube.ide.mcu.externaltools.gnu-tools-for-stm32.13.3.rel1.win32_1.0.100.202509120712/tools/bin/../lib/gcc/arm-none-eabi/13.3.1/thumb/v7e-m+fp/hard\libgcc.a(_udivmoddi4.o)
                0x080096dc                        __exidx_end = .
                0x080096dc                        . = ALIGN (0x4)

.preinit_array  0x080096dc        0x0
                0x080096dc                        . = ALIGN (0x4)
                0x080096dc                        PROVIDE (__preinit_array_start = .)
 *(.preinit_array*)
                0x080096dc                        PROVIDE (__preinit_array_end = .)
                0x080096dc                        . = ALIGN (0x4)

.init_array     0x080096dc        0x4
                0x080096dc                        . = ALIGN (0x4)
                0x080096dc                        PROVIDE (__init_array_start = .)
 *(SORT_BY_NAME(.init_array.*))
 *(.init_array*)
 .init_array    0x080096dc        0x4 C:/ST/STM32CubeIDE_2.0.0/STM32CubeIDE/plugins/com.st.stm32cube.ide.mcu.externaltools.gnu-tools-for-stm32.13.3.rel1.win32_1.0.100.202509120712/tools/bin/../lib/gcc/arm-none-eabi/13.3.1/thumb/v7e-m+fp/hard/crtbegin.o
                0x080096e0                        PROVIDE (__init_array_end = .)
                0x080096e0                        . = ALIGN (0x4)

.fini_array     0x080096e0        0x4
                0x080096e0                        . = ALIGN (0x4)
                [!provide]                        PROVIDE (__fini_array_start = .)
 *(SORT_BY_NAME(.fini_array.*))
 *(.fini_array*)
 .fini_array    0x080096e0        0x4 C:/ST/STM32CubeIDE_2.0.0/STM32CubeIDE/plugins/com.st.stm32cube.ide.mcu.externaltools.gnu-tools-for-stm32.13.3.rel1.win32_1.0.100.202509120712/tools/bin/../lib/gcc/arm-none-eabi/13.3.1/thumb/v7e-m+fp/hard/crtbegin.o
                [!provide]                        PROVIDE (__fini_array_end = .)
                0x080096e4                        . = ALIGN (0x4)
                0x080096e4                        _sidata = LOADADDR (.data)

.rel.dyn        0x080096e4        0x0
 .rel.iplt      0x080096e4        0x0 C:/ST/STM32CubeIDE_2.0.0/STM32CubeIDE/plugins/com.st.stm32cube.ide.mcu.externaltools.gnu-tools-for-stm32.13.3.rel1.win32_1.0.100.202509120712/tools/bin/../lib/gcc/arm-none-eabi/13.3.1/thumb/v7e-m+fp/hard/crtbegin.o

.data           0x20000000      0x120 load address 0x080096e4
                0x20000000                        . = ALIGN (0x4)
                0x20000000                        _sdata = .
 *(.data)
 *(.data*)
 .data.lis3dsh_Sensitivity
                0x20000000        0x4 ./Core/Src/MY_LIS3DSH.o
 .data.SystemCoreClock
                0x20000004        0x4 ./Core/Src/system_stm32f4xx.o
                0x20000004                SystemCoreClock
 .data.uwTickPrio
                0x20000008        0x4 ./Drivers/STM32F4xx_HAL_Driver/Src/stm32f4xx_hal.o
                0x20000008                uwTickPrio
 .data.uwTickFreq
                0x2000000c        0x1 ./Drivers/STM32F4xx_HAL_Driver/Src/stm32f4xx_hal.o
                0x2000000c                uwTickFreq
 *fill*         0x2000000d        0x3 
 .data.USBD_HID
                0x20000010       0x38 ./Middlewares/ST/STM32_USB_Device_Library/Class/HID/Src/usbd_hid.o
                0x20000010                USBD_HID
 .data.USBD_HID_CfgDesc
                0x20000048       0x22 ./Middlewares/ST/STM32_USB_Device_Library/Class/HID/Src/usbd_hid.o
 *fill*         0x2000006a        0x2 
 .data.USBD_HID_Desc
                0x2000006c        0x9 ./Middlewares/ST/STM32_USB_Device_Library/Class/HID/Src/usbd_hid.o
 *fill*         0x20000075        0x3 
 .data.USBD_HID_DeviceQualifierDesc
                0x20000078        0xa ./Middlewares/ST/STM32_USB_Device_Library/Class/HID/Src/usbd_hid.o
 *fill*         0x20000082        0x2 
 .data.HID_MOUSE_ReportDesc
                0x20000084       0x4a ./Middlewares/ST/STM32_USB_Device_Library/Class/HID/Src/usbd_hid.o
 .data.HIDInEpAdd
                0x200000ce        0x1 ./Middlewares/ST/STM32_USB_Device_Library/Class/HID/Src/usbd_hid.o
 *fill*         0x200000cf        0x1 
 .data.FS_Desc  0x200000d0       0x1c ./USB_DEVICE/App/usbd_desc.o
                0x200000d0                FS_Desc
 .data.USBD_FS_DeviceDesc
                0x200000ec       0x12 ./USB_DEVICE/App/usbd_desc.o
                0x200000ec                USBD_FS_DeviceDesc
 *fill*         0x200000fe        0x2 
 .data.USBD_LangIDDesc
                0x20000100        0x4 ./USB_DEVICE/App/usbd_desc.o
                0x20000100                USBD_LangIDDesc
 .data.USBD_StringSerial
                0x20000104       0x1a ./USB_DEVICE/App/usbd_desc.o
                0x20000104                USBD_StringSerial
 *(.RamFunc)
 *(.RamFunc*)
                0x20000120                        . = ALIGN (0x4)
 *fill*         0x2000011e        0x2 
                0x20000120                        _edata = .
                0x08009804                        _siccmram = LOADADDR (.ccmram)

.igot.plt       0x20000120        0x0 load address 0x08009804
 .igot.plt      0x20000120        0x0 C:/ST/STM32CubeIDE_2.0.0/STM32CubeIDE/plugins/com.st.stm32cube.ide.mcu.externaltools.gnu-tools-for-stm32.13.3.rel1.win32_1.0.100.202509120712/tools/bin/../lib/gcc/arm-none-eabi/13.3.1/thumb/v7e-m+fp/hard/crtbegin.o

.ccmram         0x10000000        0x0 load address 0x08009804
                0x10000000                        . = ALIGN (0x4)
                0x10000000                        _sccmram = .
 *(.ccmram)
 *(.ccmram*)
                0x10000000                        . = ALIGN (0x4)
                0x10000000                        _eccmram = .
                0x10000000                        . = ALIGN (0x4)

.bss            0x20000120      0xb24
                0x20000120                        _sbss = .
                0x20000120                        __bss_start__ = _sbss
 *(.bss)
 .bss           0x20000120       0x1c C:/ST/STM32CubeIDE_2.0.0/STM32CubeIDE/plugins/com.st.stm32cube.ide.mcu.externaltools.gnu-tools-for-stm32.13.3.rel1.win32_1.0.100.202509120712/tools/bin/../lib/gcc/arm-none-eabi/13.3.1/thumb/v7e-m+fp/hard/crtbegin.o
 *(.bss*)
 .bss.accSPI_Handle
                0x2000013c       0x58 ./Core/Src/MY_LIS3DSH.o
 .bss.button_flag
                0x20000194        0x1 ./Core/Src/main.o
                0x20000194                button_flag
 *fill*         0x20000195        0x3 
 .bss.hrtc      0x20000198       0x20 ./Core/Src/main.o
                0x20000198                hrtc
 .bss.hspi1     0x200001b8       0x58 ./Core/Src/main.o
                0x200001b8                hspi1
 .bss.huart2    0x20000210       0x48 ./Core/Src/main.o
                0x20000210                huart2
 .bss.mousehid  0x20000258        0x4 ./Core/Src/main.o
                0x20000258                mousehid
 .bss.myData    0x2000025c        0x3 ./Core/Src/main.o
                0x2000025c                myData
 *fill*         0x2000025f        0x1 
 .bss.myDataRaw
                0x20000260        0x6 ./Core/Src/main.o
                0x20000260                myDataRaw
 *fill*         0x20000266        0x2 
 .bss.uwTick    0x20000268        0x4 ./Drivers/STM32F4xx_HAL_Driver/Src/stm32f4xx_hal.o
                0x20000268                uwTick
 .bss.cfgidx.0  0x2000026c        0x1 ./Middlewares/ST/STM32_USB_Device_Library/Core/Src/usbd_ctlreq.o
 *fill*         0x2000026d        0x3 
 .bss.hUsbDeviceFS
                0x20000270      0x2dc ./USB_DEVICE/App/usb_device.o
                0x20000270                hUsbDeviceFS
 .bss.USBD_StrDesc
                0x2000054c      0x200 ./USB_DEVICE/App/usbd_desc.o
                0x2000054c                USBD_StrDesc
 .bss.hpcd_USB_OTG_FS
                0x2000074c      0x4e4 ./USB_DEVICE/Target/usbd_conf.o
                0x2000074c                hpcd_USB_OTG_FS
 .bss.mem.0     0x20000c30       0x14 ./USB_DEVICE/Target/usbd_conf.o
 *(COMMON)
                0x20000c44                        . = ALIGN (0x4)
                0x20000c44                        _ebss = .
                0x20000c44                        __bss_end__ = _ebss

._user_heap_stack
                0x20000c44      0x604
                0x20000c48                        . = ALIGN (0x8)
 *fill*         0x20000c44        0x4 
                [!provide]                        PROVIDE (end = .)
                0x20000c48                        PROVIDE (_end = .)
                0x20000e48                        . = (. + _Min_Heap_Size)
 *fill*         0x20000c48      0x200 
                0x20001248                        . = (. + _Min_Stack_Size)
 *fill*         0x20000e48      0x400 
                0x20001248                        . = ALIGN (0x8)

/DISCARD/
 libc.a(*)
 libm.a(*)
 libgcc.a(*)

.ARM.attributes
                0x00000000       0x30
 *(.ARM.attributes)
 .ARM.attributes
                0x00000000       0x22 C:/ST/STM32CubeIDE_2.0.0/STM32CubeIDE/plugins/com.st.stm32cube.ide.mcu.externaltools.gnu-tools-for-stm32.13.3.rel1.win32_1.0.100.202509120712/tools/bin/../lib/gcc/arm-none-eabi/13.3.1/thumb/v7e-m+fp/hard/crti.o
 .ARM.attributes
                0x00000022       0x34 C:/ST/STM32CubeIDE_2.0.0/STM32CubeIDE/plugins/com.st.stm32cube.ide.mcu.externaltools.gnu-tools-for-stm32.13.3.rel1.win32_1.0.100.202509120712/tools/bin/../lib/gcc/arm-none-eabi/13.3.1/thumb/v7e-m+fp/hard/crtbegin.o
 .ARM.attributes
                0x00000056       0x34 ./Core/Src/MY_LIS3DSH.o
 .ARM.attributes
                0x0000008a       0x34 ./Core/Src/main.o
 .ARM.attributes
                0x000000be       0x34 ./Core/Src/stm32f4xx_hal_msp.o
 .ARM.attributes
                0x000000f2       0x34 ./Core/Src/stm32f4xx_it.o
 .ARM.attributes
                0x00000126       0x34 ./Core/Src/system_stm32f4xx.o
 .ARM.attributes
                0x0000015a       0x21 ./Core/Startup/startup_stm32f407vetx.o
 .ARM.attributes
                0x0000017b       0x34 ./Drivers/STM32F4xx_HAL_Driver/Src/stm32f4xx_hal.o
 .ARM.attributes
                0x000001af       0x34 ./Drivers/STM32F4xx_HAL_Driver/Src/stm32f4xx_hal_cortex.o
 .ARM.attributes
                0x000001e3       0x34 ./Drivers/STM32F4xx_HAL_Driver/Src/stm32f4xx_hal_gpio.o
 .ARM.attributes
                0x00000217       0x34 ./Drivers/STM32F4xx_HAL_Driver/Src/stm32f4xx_hal_pcd.o
 .ARM.attributes
                0x0000024b       0x34 ./Drivers/STM32F4xx_HAL_Driver/Src/stm32f4xx_hal_pcd_ex.o
 .ARM.attributes
                0x0000027f       0x34 ./Drivers/STM32F4xx_HAL_Driver/Src/stm32f4xx_hal_pwr.o
 .ARM.attributes
                0x000002b3       0x34 ./Drivers/STM32F4xx_HAL_Driver/Src/stm32f4xx_hal_rcc.o
 .ARM.attributes
                0x000002e7       0x34 ./Drivers/STM32F4xx_HAL_Driver/Src/stm32f4xx_hal_rcc_ex.o
 .ARM.attributes
                0x0000031b       0x34 ./Drivers/STM32F4xx_HAL_Driver/Src/stm32f4xx_hal_rtc.o
 .ARM.attributes
                0x0000034f       0x34 ./Drivers/STM32F4xx_HAL_Driver/Src/stm32f4xx_hal_rtc_ex.o
 .ARM.attributes
                0x00000383       0x34 ./Drivers/STM32F4xx_HAL_Driver/Src/stm32f4xx_hal_spi.o
 .ARM.attributes
                0x000003b7       0x34 ./Drivers/STM32F4xx_HAL_Driver/Src/stm32f4xx_hal_uart.o
 .ARM.attributes
                0x000003eb       0x34 ./Drivers/STM32F4xx_HAL_Driver/Src/stm32f4xx_ll_usb.o
 .ARM.attributes
                0x0000041f       0x34 ./Middlewares/ST/STM32_USB_Device_Library/Class/HID/Src/usbd_hid.o
 .ARM.attributes
                0x00000453       0x34 ./Middlewares/ST/STM32_USB_Device_Library/Core/Src/usbd_core.o
 .ARM.attributes
                0x00000487       0x34 ./Middlewares/ST/STM32_USB_Device_Library/Core/Src/usbd_ctlreq.o
 .ARM.attributes
                0x000004bb       0x34 ./Middlewares/ST/STM32_USB_Device_Library/Core/Src/usbd_ioreq.o
 .ARM.attributes
                0x000004ef       0x34 ./USB_DEVICE/App/usb_device.o
 .ARM.attributes
                0x00000523       0x34 ./USB_DEVICE/App/usbd_desc.o
 .ARM.attributes
                0x00000557       0x34 ./USB_DEVICE/Target/usbd_conf.o
 .ARM.attributes
                0x0000058b       0x34 C:/ST/STM32CubeIDE_2.0.0/STM32CubeIDE/plugins/com.st.stm32cube.ide.mcu.externaltools.gnu-tools-for-stm32.13.3.rel1.win32_1.0.100.202509120712/tools/bin/../lib/gcc/arm-none-eabi/13.3.1/../../../../arm-none-eabi/lib/thumb/v7e-m+fp/hard\libc_nano.a(libc_a-memset.o)
 .ARM.attributes
                0x000005bf       0x34 C:/ST/STM32CubeIDE_2.0.0/STM32CubeIDE/plugins/com.st.stm32cube.ide.mcu.externaltools.gnu-tools-for-stm32.13.3.rel1.win32_1.0.100.202509120712/tools/bin/../lib/gcc/arm-none-eabi/13.3.1/../../../../arm-none-eabi/lib/thumb/v7e-m+fp/hard\libc_nano.a(libc_a-init.o)
 .ARM.attributes
                0x000005f3       0x34 C:/ST/STM32CubeIDE_2.0.0/STM32CubeIDE/plugins/com.st.stm32cube.ide.mcu.externaltools.gnu-tools-for-stm32.13.3.rel1.win32_1.0.100.202509120712/tools/bin/../lib/gcc/arm-none-eabi/13.3.1/../../../../arm-none-eabi/lib/thumb/v7e-m+fp/hard\libc_nano.a(libc_a-memcpy-stub.o)
 .ARM.attributes
                0x00000627       0x22 C:/ST/STM32CubeIDE_2.0.0/STM32CubeIDE/plugins/com.st.stm32cube.ide.mcu.externaltools.gnu-tools-for-stm32.13.3.rel1.win32_1.0.100.202509120712/tools/bin/../lib/gcc/arm-none-eabi/13.3.1/thumb/v7e-m+fp/hard\libgcc.a(_arm_addsubdf3.o)
 .ARM.attributes
                0x00000649       0x22 C:/ST/STM32CubeIDE_2.0.0/STM32CubeIDE/plugins/com.st.stm32cube.ide.mcu.externaltools.gnu-tools-for-stm32.13.3.rel1.win32_1.0.100.202509120712/tools/bin/../lib/gcc/arm-none-eabi/13.3.1/thumb/v7e-m+fp/hard\libgcc.a(_arm_muldivdf3.o)
 .ARM.attributes
                0x0000066b       0x22 C:/ST/STM32CubeIDE_2.0.0/STM32CubeIDE/plugins/com.st.stm32cube.ide.mcu.externaltools.gnu-tools-for-stm32.13.3.rel1.win32_1.0.100.202509120712/tools/bin/../lib/gcc/arm-none-eabi/13.3.1/thumb/v7e-m+fp/hard\libgcc.a(_arm_fixdfsi.o)
 .ARM.attributes
                0x0000068d       0x22 C:/ST/STM32CubeIDE_2.0.0/STM32CubeIDE/plugins/com.st.stm32cube.ide.mcu.externaltools.gnu-tools-for-stm32.13.3.rel1.win32_1.0.100.202509120712/tools/bin/../lib/gcc/arm-none-eabi/13.3.1/thumb/v7e-m+fp/hard\libgcc.a(_aeabi_uldivmod.o)
 .ARM.attributes
                0x000006af       0x34 C:/ST/STM32CubeIDE_2.0.0/STM32CubeIDE/plugins/com.st.stm32cube.ide.mcu.externaltools.gnu-tools-for-stm32.13.3.rel1.win32_1.0.100.202509120712/tools/bin/../lib/gcc/arm-none-eabi/13.3.1/thumb/v7e-m+fp/hard\libgcc.a(_udivmoddi4.o)
 .ARM.attributes
                0x000006e3       0x22 C:/ST/STM32CubeIDE_2.0.0/STM32CubeIDE/plugins/com.st.stm32cube.ide.mcu.externaltools.gnu-tools-for-stm32.13.3.rel1.win32_1.0.100.202509120712/tools/bin/../lib/gcc/arm-none-eabi/13.3.1/thumb/v7e-m+fp/hard\libgcc.a(_dvmd_tls.o)
 .ARM.attributes
                0x00000705       0x22 C:/ST/STM32CubeIDE_2.0.0/STM32CubeIDE/plugins/com.st.stm32cube.ide.mcu.externaltools.gnu-tools-for-stm32.13.3.rel1.win32_1.0.100.202509120712/tools/bin/../lib/gcc/arm-none-eabi/13.3.1/thumb/v7e-m+fp/hard/crtn.o
OUTPUT(STM32F407.elf elf32-littlearm)
LOAD linker stubs
LOAD C:/ST/STM32CubeIDE_2.0.0/STM32CubeIDE/plugins/com.st.stm32cube.ide.mcu.externaltools.gnu-tools-for-stm32.13.3.rel1.win32_1.0.100.202509120712/tools/bin/../lib/gcc/arm-none-eabi/13.3.1/../../../../arm-none-eabi/lib/thumb/v7e-m+fp/hard\libc.a
LOAD C:/ST/STM32CubeIDE_2.0.0/STM32CubeIDE/plugins/com.st.stm32cube.ide.mcu.externaltools.gnu-tools-for-stm32.13.3.rel1.win32_1.0.100.202509120712/tools/bin/../lib/gcc/arm-none-eabi/13.3.1/../../../../arm-none-eabi/lib/thumb/v7e-m+fp/hard\libm.a
LOAD C:/ST/STM32CubeIDE_2.0.0/STM32CubeIDE/plugins/com.st.stm32cube.ide.mcu.externaltools.gnu-tools-for-stm32.13.3.rel1.win32_1.0.100.202509120712/tools/bin/../lib/gcc/arm-none-eabi/13.3.1/thumb/v7e-m+fp/hard\libgcc.a

.debug_info     0x00000000    0x169df
 .debug_info    0x00000000      0xb85 ./Core/Src/MY_LIS3DSH.o
 .debug_info    0x00000b85     0x232a ./Core/Src/main.o
 .debug_info    0x00002eaf     0x1304 ./Core/Src/stm32f4xx_hal_msp.o
 .debug_info    0x000041b3      0x978 ./Core/Src/stm32f4xx_it.o
 .debug_info    0x00004b2b      0x512 ./Core/Src/system_stm32f4xx.o
 .debug_info    0x0000503d       0x30 ./Core/Startup/startup_stm32f407vetx.o
 .debug_info    0x0000506d      0x944 ./Drivers/STM32F4xx_HAL_Driver/Src/stm32f4xx_hal.o
 .debug_info    0x000059b1      0xd8c ./Drivers/STM32F4xx_HAL_Driver/Src/stm32f4xx_hal_cortex.o
 .debug_info    0x0000673d      0x6c3 ./Drivers/STM32F4xx_HAL_Driver/Src/stm32f4xx_hal_gpio.o
 .debug_info    0x00006e00     0x156f ./Drivers/STM32F4xx_HAL_Driver/Src/stm32f4xx_hal_pcd.o
 .debug_info    0x0000836f      0x6ea ./Drivers/STM32F4xx_HAL_Driver/Src/stm32f4xx_hal_pcd_ex.o
 .debug_info    0x00008a59      0x6f9 ./Drivers/STM32F4xx_HAL_Driver/Src/stm32f4xx_hal_pwr.o
 .debug_info    0x00009152      0x8c3 ./Drivers/STM32F4xx_HAL_Driver/Src/stm32f4xx_hal_rcc.o
 .debug_info    0x00009a15      0x536 ./Drivers/STM32F4xx_HAL_Driver/Src/stm32f4xx_hal_rcc_ex.o
 .debug_info    0x00009f4b      0xc20 ./Drivers/STM32F4xx_HAL_Driver/Src/stm32f4xx_hal_rtc.o
 .debug_info    0x0000ab6b      0xec2 ./Drivers/STM32F4xx_HAL_Driver/Src/stm32f4xx_hal_rtc_ex.o
 .debug_info    0x0000ba2d     0x1525 ./Drivers/STM32F4xx_HAL_Driver/Src/stm32f4xx_hal_spi.o
 .debug_info    0x0000cf52     0x2f4f ./Drivers/STM32F4xx_HAL_Driver/Src/stm32f4xx_hal_uart.o
 .debug_info    0x0000fea1     0x1993 ./Drivers/STM32F4xx_HAL_Driver/Src/stm32f4xx_ll_usb.o
 .debug_info    0x00011834      0xa91 ./Middlewares/ST/STM32_USB_Device_Library/Class/HID/Src/usbd_hid.o
 .debug_info    0x000122c5      0xe12 ./Middlewares/ST/STM32_USB_Device_Library/Core/Src/usbd_core.o
 .debug_info    0x000130d7      0xaeb ./Middlewares/ST/STM32_USB_Device_Library/Core/Src/usbd_ctlreq.o
 .debug_info    0x00013bc2      0x762 ./Middlewares/ST/STM32_USB_Device_Library/Core/Src/usbd_ioreq.o
 .debug_info    0x00014324      0x5fc ./USB_DEVICE/App/usb_device.o
 .debug_info    0x00014920      0x458 ./USB_DEVICE/App/usbd_desc.o
 .debug_info    0x00014d78     0x1c67 ./USB_DEVICE/Target/usbd_conf.o

.debug_abbrev   0x00000000     0x3904
 .debug_abbrev  0x00000000      0x247 ./Core/Src/MY_LIS3DSH.o
 .debug_abbrev  0x00000247      0x42e ./Core/Src/main.o
 .debug_abbrev  0x00000675      0x1f3 ./Core/Src/stm32f4xx_hal_msp.o
 .debug_abbrev  0x00000868      0x1cd ./Core/Src/stm32f4xx_it.o
 .debug_abbrev  0x00000a35      0x11a ./Core/Src/system_stm32f4xx.o
 .debug_abbrev  0x00000b4f       0x24 ./Core/Startup/startup_stm32f407vetx.o
 .debug_abbrev  0x00000b73      0x214 ./Drivers/STM32F4xx_HAL_Driver/Src/stm32f4xx_hal.o
 .debug_abbrev  0x00000d87      0x31d ./Drivers/STM32F4xx_HAL_Driver/Src/stm32f4xx_hal_cortex.o
 .debug_abbrev  0x000010a4      0x1d4 ./Drivers/STM32F4xx_HAL_Driver/Src/stm32f4xx_hal_gpio.o
 .debug_abbrev  0x00001278      0x2b9 ./Drivers/STM32F4xx_HAL_Driver/Src/stm32f4xx_hal_pcd.o
 .debug_abbrev  0x00001531      0x1da ./Drivers/STM32F4xx_HAL_Driver/Src/stm32f4xx_hal_pcd_ex.o
 .debug_abbrev  0x0000170b      0x19c ./Drivers/STM32F4xx_HAL_Driver/Src/stm32f4xx_hal_pwr.o
 .debug_abbrev  0x000018a7      0x2b7 ./Drivers/STM32F4xx_HAL_Driver/Src/stm32f4xx_hal_rcc.o
 .debug_abbrev  0x00001b5e      0x1b0 ./Drivers/STM32F4xx_HAL_Driver/Src/stm32f4xx_hal_rcc_ex.o
 .debug_abbrev  0x00001d0e      0x1dd ./Drivers/STM32F4xx_HAL_Driver/Src/stm32f4xx_hal_rtc.o
 .debug_abbrev  0x00001eeb      0x207 ./Drivers/STM32F4xx_HAL_Driver/Src/stm32f4xx_hal_rtc_ex.o
 .debug_abbrev  0x000020f2      0x27a ./Drivers/STM32F4xx_HAL_Driver/Src/stm32f4xx_hal_spi.o
 .debug_abbrev  0x0000236c      0x30e ./Drivers/STM32F4xx_HAL_Driver/Src/stm32f4xx_hal_uart.o
 .debug_abbrev  0x0000267a      0x2b3 ./Drivers/STM32F4xx_HAL_Driver/Src/stm32f4xx_ll_usb.o
 .debug_abbrev  0x0000292d      0x2a2 ./Middlewares/ST/STM32_USB_Device_Library/Class/HID/Src/usbd_hid.o
 .debug_abbrev  0x00002bcf      0x27c ./Middlewares/ST/STM32_USB_Device_Library/Core/Src/usbd_core.o
 .debug_abbrev  0x00002e4b      0x26f ./Middlewares/ST/STM32_USB_Device_Library/Core/Src/usbd_ctlreq.o
 .debug_abbrev  0x000030ba      0x19a ./Middlewares/ST/STM32_USB_Device_Library/Core/Src/usbd_ioreq.o
 .debug_abbrev  0x00003254      0x190 ./USB_DEVICE/App/usb_device.o
 .debug_abbrev  0x000033e4      0x1e1 ./USB_DEVICE/App/usbd_desc.o
 .debug_abbrev  0x000035c5      0x33f ./USB_DEVICE/Target/usbd_conf.o

.debug_aranges  0x00000000     0x12b8
 .debug_aranges
                0x00000000       0x68 ./Core/Src/MY_LIS3DSH.o
 .debug_aranges
                0x00000068       0x90 ./Core/Src/main.o
 .debug_aranges
                0x000000f8       0x50 ./Core/Src/stm32f4xx_hal_msp.o
 .debug_aranges
                0x00000148       0x78 ./Core/Src/stm32f4xx_it.o
 .debug_aranges
                0x000001c0       0x28 ./Core/Src/system_stm32f4xx.o
 .debug_aranges
                0x000001e8       0x28 ./Core/Startup/startup_stm32f407vetx.o
 .debug_aranges
                0x00000210       0xf0 ./Drivers/STM32F4xx_HAL_Driver/Src/stm32f4xx_hal.o
 .debug_aranges
                0x00000300      0x130 ./Drivers/STM32F4xx_HAL_Driver/Src/stm32f4xx_hal_cortex.o
 .debug_aranges
                0x00000430       0x58 ./Drivers/STM32F4xx_HAL_Driver/Src/stm32f4xx_hal_gpio.o
 .debug_aranges
                0x00000488      0x148 ./Drivers/STM32F4xx_HAL_Driver/Src/stm32f4xx_hal_pcd.o
 .debug_aranges
                0x000005d0       0x38 ./Drivers/STM32F4xx_HAL_Driver/Src/stm32f4xx_hal_pcd_ex.o
 .debug_aranges
                0x00000608       0xa0 ./Drivers/STM32F4xx_HAL_Driver/Src/stm32f4xx_hal_pwr.o
 .debug_aranges
                0x000006a8       0x88 ./Drivers/STM32F4xx_HAL_Driver/Src/stm32f4xx_hal_rcc.o
 .debug_aranges
                0x00000730       0x48 ./Drivers/STM32F4xx_HAL_Driver/Src/stm32f4xx_hal_rcc_ex.o
 .debug_aranges
                0x00000778       0xe8 ./Drivers/STM32F4xx_HAL_Driver/Src/stm32f4xx_hal_rtc.o
 .debug_aranges
                0x00000860      0x130 ./Drivers/STM32F4xx_HAL_Driver/Src/stm32f4xx_hal_rtc_ex.o
 .debug_aranges
                0x00000990      0x1d0 ./Drivers/STM32F4xx_HAL_Driver/Src/stm32f4xx_hal_spi.o
 .debug_aranges
                0x00000b60      0x208 ./Drivers/STM32F4xx_HAL_Driver/Src/stm32f4xx_hal_uart.o
 .debug_aranges
                0x00000d68      0x1a0 ./Drivers/STM32F4xx_HAL_Driver/Src/stm32f4xx_ll_usb.o
 .debug_aranges
                0x00000f08       0x68 ./Middlewares/ST/STM32_USB_Device_Library/Class/HID/Src/usbd_hid.o
 .debug_aranges
                0x00000f70       0xd8 ./Middlewares/ST/STM32_USB_Device_Library/Core/Src/usbd_core.o
 .debug_aranges
                0x00001048       0x90 ./Middlewares/ST/STM32_USB_Device_Library/Core/Src/usbd_ctlreq.o
 .debug_aranges
                0x000010d8       0x50 ./Middlewares/ST/STM32_USB_Device_Library/Core/Src/usbd_ioreq.o
 .debug_aranges
                0x00001128       0x20 ./USB_DEVICE/App/usb_device.o
 .debug_aranges
                0x00001148       0x60 ./USB_DEVICE/App/usbd_desc.o
 .debug_aranges
                0x000011a8      0x110 ./USB_DEVICE/Target/usbd_conf.o

.debug_rnglists
                0x00000000      0xe3b
 .debug_rnglists
                0x00000000       0x4d ./Core/Src/MY_LIS3DSH.o
 .debug_rnglists
                0x0000004d       0x6c ./Core/Src/main.o
 .debug_rnglists
                0x000000b9       0x39 ./Core/Src/stm32f4xx_hal_msp.o
 .debug_rnglists
                0x000000f2       0x55 ./Core/Src/stm32f4xx_it.o
 .debug_rnglists
                0x00000147       0x1a ./Core/Src/system_stm32f4xx.o
 .debug_rnglists
                0x00000161       0x19 ./Core/Startup/startup_stm32f407vetx.o
 .debug_rnglists
                0x0000017a       0xaf ./Drivers/STM32F4xx_HAL_Driver/Src/stm32f4xx_hal.o
 .debug_rnglists
                0x00000229       0xe0 ./Drivers/STM32F4xx_HAL_Driver/Src/stm32f4xx_hal_cortex.o
 .debug_rnglists
                0x00000309       0x3f ./Drivers/STM32F4xx_HAL_Driver/Src/stm32f4xx_hal_gpio.o
 .debug_rnglists
                0x00000348       0xfa ./Drivers/STM32F4xx_HAL_Driver/Src/stm32f4xx_hal_pcd.o
 .debug_rnglists
                0x00000442       0x26 ./Drivers/STM32F4xx_HAL_Driver/Src/stm32f4xx_hal_pcd_ex.o
 .debug_rnglists
                0x00000468       0x74 ./Drivers/STM32F4xx_HAL_Driver/Src/stm32f4xx_hal_pwr.o
 .debug_rnglists
                0x000004dc       0x66 ./Drivers/STM32F4xx_HAL_Driver/Src/stm32f4xx_hal_rcc.o
 .debug_rnglists
                0x00000542       0x35 ./Drivers/STM32F4xx_HAL_Driver/Src/stm32f4xx_hal_rcc_ex.o
 .debug_rnglists
                0x00000577       0xb4 ./Drivers/STM32F4xx_HAL_Driver/Src/stm32f4xx_hal_rtc.o
 .debug_rnglists
                0x0000062b       0xed ./Drivers/STM32F4xx_HAL_Driver/Src/stm32f4xx_hal_rtc_ex.o
 .debug_rnglists
                0x00000718      0x16f ./Drivers/STM32F4xx_HAL_Driver/Src/stm32f4xx_hal_spi.o
 .debug_rnglists
                0x00000887      0x1bc ./Drivers/STM32F4xx_HAL_Driver/Src/stm32f4xx_hal_uart.o
 .debug_rnglists
                0x00000a43      0x147 ./Drivers/STM32F4xx_HAL_Driver/Src/stm32f4xx_ll_usb.o
 .debug_rnglists
                0x00000b8a       0x4c ./Middlewares/ST/STM32_USB_Device_Library/Class/HID/Src/usbd_hid.o
 .debug_rnglists
                0x00000bd6       0xa1 ./Middlewares/ST/STM32_USB_Device_Library/Core/Src/usbd_core.o
 .debug_rnglists
                0x00000c77       0x6e ./Middlewares/ST/STM32_USB_Device_Library/Core/Src/usbd_ctlreq.o
 .debug_rnglists
                0x00000ce5       0x37 ./Middlewares/ST/STM32_USB_Device_Library/Core/Src/usbd_ioreq.o
 .debug_rnglists
                0x00000d1c       0x13 ./USB_DEVICE/App/usb_device.o
 .debug_rnglists
                0x00000d2f       0x43 ./USB_DEVICE/App/usbd_desc.o
 .debug_rnglists
                0x00000d72       0xc9 ./USB_DEVICE/Target/usbd_conf.o

.debug_macro    0x00000000    0x243aa
 .debug_macro   0x00000000      0x2ed ./Core/Src/MY_LIS3DSH.o
 .debug_macro   0x000002ed      0xad8 ./Core/Src/MY_LIS3DSH.o
 .debug_macro   0x00000dc5      0x2a7 ./Core/Src/MY_LIS3DSH.o
 .debug_macro   0x0000106c       0x2e ./Core/Src/MY_LIS3DSH.o
 .debug_macro   0x0000109a       0x2f ./Core/Src/MY_LIS3DSH.o
 .debug_macro   0x000010c9       0x22 ./Core/Src/MY_LIS3DSH.o
 .debug_macro   0x000010eb       0x8e ./Core/Src/MY_LIS3DSH.o
 .debug_macro   0x00001179       0x51 ./Core/Src/MY_LIS3DSH.o
 .debug_macro   0x000011ca      0x103 ./Core/Src/MY_LIS3DSH.o
 .debug_macro   0x000012cd       0x6a ./Core/Src/MY_LIS3DSH.o
 .debug_macro   0x00001337      0x1df ./Core/Src/MY_LIS3DSH.o
 .debug_macro   0x00001516       0x1c ./Core/Src/MY_LIS3DSH.o
 .debug_macro   0x00001532       0x22 ./Core/Src/MY_LIS3DSH.o
 .debug_macro   0x00001554       0xfb ./Core/Src/MY_LIS3DSH.o
 .debug_macro   0x0000164f     0x1011 ./Core/Src/MY_LIS3DSH.o
 .debug_macro   0x00002660      0x11f ./Core/Src/MY_LIS3DSH.o
 .debug_macro   0x0000277f    0x15ea5 ./Core/Src/MY_LIS3DSH.o
 .debug_macro   0x00018624       0x6d ./Core/Src/MY_LIS3DSH.o
 .debug_macro   0x00018691     0x3693 ./Core/Src/MY_LIS3DSH.o
 .debug_macro   0x0001bd24      0x190 ./Core/Src/MY_LIS3DSH.o
 .debug_macro   0x0001beb4       0x5c ./Core/Src/MY_LIS3DSH.o
 .debug_macro   0x0001bf10      0x980 ./Core/Src/MY_LIS3DSH.o
 .debug_macro   0x0001c890      0x9e9 ./Core/Src/MY_LIS3DSH.o
 .debug_macro   0x0001d279      0x115 ./Core/Src/MY_LIS3DSH.o
 .debug_macro   0x0001d38e      0x13e ./Core/Src/MY_LIS3DSH.o
 .debug_macro   0x0001d4cc       0xa5 ./Core/Src/MY_LIS3DSH.o
 .debug_macro   0x0001d571      0x174 ./Core/Src/MY_LIS3DSH.o
 .debug_macro   0x0001d6e5      0x287 ./Core/Src/MY_LIS3DSH.o
 .debug_macro   0x0001d96c       0x5f ./Core/Src/MY_LIS3DSH.o
 .debug_macro   0x0001d9cb      0x236 ./Core/Src/MY_LIS3DSH.o
 .debug_macro   0x0001dc01      0x12c ./Core/Src/MY_LIS3DSH.o
 .debug_macro   0x0001dd2d      0x21e ./Core/Src/MY_LIS3DSH.o
 .debug_macro   0x0001df4b       0x2e ./Core/Src/MY_LIS3DSH.o
 .debug_macro   0x0001df79      0x127 ./Core/Src/MY_LIS3DSH.o
 .debug_macro   0x0001e0a0       0x7e ./Core/Src/MY_LIS3DSH.o
 .debug_macro   0x0001e11e       0x89 ./Core/Src/MY_LIS3DSH.o
 .debug_macro   0x0001e1a7      0x30c ./Core/Src/MY_LIS3DSH.o
 .debug_macro   0x0001e4b3      0x44b ./Core/Src/MY_LIS3DSH.o
 .debug_macro   0x0001e8fe       0xeb ./Core/Src/MY_LIS3DSH.o
 .debug_macro   0x0001e9e9      0x225 ./Core/Src/MY_LIS3DSH.o
 .debug_macro   0x0001ec0e      0x2aa ./Core/Src/MY_LIS3DSH.o
 .debug_macro   0x0001eeb8      0x293 ./Core/Src/MY_LIS3DSH.o
 .debug_macro   0x0001f14b       0xba ./Core/Src/MY_LIS3DSH.o
 .debug_macro   0x0001f205      0x12d ./Core/Src/MY_LIS3DSH.o
 .debug_macro   0x0001f332       0x22 ./Core/Src/MY_LIS3DSH.o
 .debug_macro   0x0001f354       0x61 ./Core/Src/MY_LIS3DSH.o
 .debug_macro   0x0001f3b5       0x2a ./Core/Src/MY_LIS3DSH.o
 .debug_macro   0x0001f3df       0x43 ./Core/Src/MY_LIS3DSH.o
 .debug_macro   0x0001f422       0x34 ./Core/Src/MY_LIS3DSH.o
 .debug_macro   0x0001f456      0x370 ./Core/Src/MY_LIS3DSH.o
 .debug_macro   0x0001f7c6       0x16 ./Core/Src/MY_LIS3DSH.o
 .debug_macro   0x0001f7dc       0x4a ./Core/Src/MY_LIS3DSH.o
 .debug_macro   0x0001f826       0x34 ./Core/Src/MY_LIS3DSH.o
 .debug_macro   0x0001f85a       0x10 ./Core/Src/MY_LIS3DSH.o
 .debug_macro   0x0001f86a       0x58 ./Core/Src/MY_LIS3DSH.o
 .debug_macro   0x0001f8c2       0x8e ./Core/Src/MY_LIS3DSH.o
 .debug_macro   0x0001f950       0x1c ./Core/Src/MY_LIS3DSH.o
 .debug_macro   0x0001f96c      0x185 ./Core/Src/MY_LIS3DSH.o
 .debug_macro   0x0001faf1       0x10 ./Core/Src/MY_LIS3DSH.o
 .debug_macro   0x0001fb01       0x3c ./Core/Src/MY_LIS3DSH.o
 .debug_macro   0x0001fb3d       0x20 ./Core/Src/MY_LIS3DSH.o
 .debug_macro   0x0001fb5d      0x112 ./Core/Src/MY_LIS3DSH.o
 .debug_macro   0x0001fc6f      0x386 ./Core/Src/main.o
 .debug_macro   0x0001fff5       0x10 ./Core/Src/main.o
 .debug_macro   0x00020005       0x16 ./Core/Src/main.o
 .debug_macro   0x0002001b       0x10 ./Core/Src/main.o
 .debug_macro   0x0002002b       0x16 ./Core/Src/main.o
 .debug_macro   0x00020041       0x16 ./Core/Src/main.o
 .debug_macro   0x00020057      0x146 ./Core/Src/main.o
 .debug_macro   0x0002019d       0x16 ./Core/Src/main.o
 .debug_macro   0x000201b3       0x16 ./Core/Src/main.o
 .debug_macro   0x000201c9       0x29 ./Core/Src/main.o
 .debug_macro   0x000201f2       0x16 ./Core/Src/main.o
 .debug_macro   0x00020208       0x6b ./Core/Src/main.o
 .debug_macro   0x00020273      0x20f ./Core/Src/main.o
 .debug_macro   0x00020482      0x210 ./Core/Src/stm32f4xx_hal_msp.o
 .debug_macro   0x00020692      0x21a ./Core/Src/stm32f4xx_it.o
 .debug_macro   0x000208ac      0x201 ./Core/Src/system_stm32f4xx.o
 .debug_macro   0x00020aad      0x261 ./Drivers/STM32F4xx_HAL_Driver/Src/stm32f4xx_hal.o
 .debug_macro   0x00020d0e      0x201 ./Drivers/STM32F4xx_HAL_Driver/Src/stm32f4xx_hal_cortex.o
 .debug_macro   0x00020f0f      0x207 ./Drivers/STM32F4xx_HAL_Driver/Src/stm32f4xx_hal_gpio.o
 .debug_macro   0x00021116      0x20d ./Drivers/STM32F4xx_HAL_Driver/Src/stm32f4xx_hal_pcd.o
 .debug_macro   0x00021323      0x201 ./Drivers/STM32F4xx_HAL_Driver/Src/stm32f4xx_hal_pcd_ex.o
 .debug_macro   0x00021524      0x219 ./Drivers/STM32F4xx_HAL_Driver/Src/stm32f4xx_hal_pwr.o
 .debug_macro   0x0002173d      0x225 ./Drivers/STM32F4xx_HAL_Driver/Src/stm32f4xx_hal_rcc.o
 .debug_macro   0x00021962      0x201 ./Drivers/STM32F4xx_HAL_Driver/Src/stm32f4xx_hal_rcc_ex.o
 .debug_macro   0x00021b63      0x202 ./Drivers/STM32F4xx_HAL_Driver/Src/stm32f4xx_hal_rtc.o
 .debug_macro   0x00021d65      0x201 ./Drivers/STM32F4xx_HAL_Driver/Src/stm32f4xx_hal_rtc_ex.o
 .debug_macro   0x00021f66      0x210 ./Drivers/STM32F4xx_HAL_Driver/Src/stm32f4xx_hal_spi.o
 .debug_macro   0x00022176      0x202 ./Drivers/STM32F4xx_HAL_Driver/Src/stm32f4xx_hal_uart.o
 .debug_macro   0x00022378      0x201 ./Drivers/STM32F4xx_HAL_Driver/Src/stm32f4xx_ll_usb.o
 .debug_macro   0x00022579      0x39f ./Middlewares/ST/STM32_USB_Device_Library/Class/HID/Src/usbd_hid.o
 .debug_macro   0x00022918       0x9e ./Middlewares/ST/STM32_USB_Device_Library/Class/HID/Src/usbd_hid.o
 .debug_macro   0x000229b6      0x112 ./Middlewares/ST/STM32_USB_Device_Library/Class/HID/Src/usbd_hid.o
 .debug_macro   0x00022ac8       0x56 ./Middlewares/ST/STM32_USB_Device_Library/Class/HID/Src/usbd_hid.o
 .debug_macro   0x00022b1e       0x5f ./Middlewares/ST/STM32_USB_Device_Library/Class/HID/Src/usbd_hid.o
 .debug_macro   0x00022b7d      0x386 ./Middlewares/ST/STM32_USB_Device_Library/Core/Src/usbd_core.o
 .debug_macro   0x00022f03      0x215 ./Middlewares/ST/STM32_USB_Device_Library/Core/Src/usbd_core.o
 .debug_macro   0x00023118      0x390 ./Middlewares/ST/STM32_USB_Device_Library/Core/Src/usbd_ctlreq.o
 .debug_macro   0x000234a8      0x38c ./Middlewares/ST/STM32_USB_Device_Library/Core/Src/usbd_ioreq.o
 .debug_macro   0x00023834      0x3b6 ./USB_DEVICE/App/usb_device.o
 .debug_macro   0x00023bea       0x16 ./USB_DEVICE/App/usb_device.o
 .debug_macro   0x00023c00       0x22 ./USB_DEVICE/App/usb_device.o
 .debug_macro   0x00023c22      0x3c9 ./USB_DEVICE/App/usbd_desc.o
 .debug_macro   0x00023feb       0x1c ./USB_DEVICE/App/usbd_desc.o
 .debug_macro   0x00024007      0x3a3 ./USB_DEVICE/Target/usbd_conf.o

.debug_line     0x00000000    0x17a77
 .debug_line    0x00000000      0xb94 ./Core/Src/MY_LIS3DSH.o
 .debug_line    0x00000b94      0xdf9 ./Core/Src/main.o
 .debug_line    0x0000198d      0x895 ./Core/Src/stm32f4xx_hal_msp.o
 .debug_line    0x00002222      0x89f ./Core/Src/stm32f4xx_it.o
 .debug_line    0x00002ac1      0x81e ./Core/Src/system_stm32f4xx.o
 .debug_line    0x000032df       0x7a ./Core/Startup/startup_stm32f407vetx.o
 .debug_line    0x00003359      0xa9a ./Drivers/STM32F4xx_HAL_Driver/Src/stm32f4xx_hal.o
 .debug_line    0x00003df3      0xd6a ./Drivers/STM32F4xx_HAL_Driver/Src/stm32f4xx_hal_cortex.o
 .debug_line    0x00004b5d      0xbf2 ./Drivers/STM32F4xx_HAL_Driver/Src/stm32f4xx_hal_gpio.o
 .debug_line    0x0000574f     0x14e5 ./Drivers/STM32F4xx_HAL_Driver/Src/stm32f4xx_hal_pcd.o
 .debug_line    0x00006c34      0x863 ./Drivers/STM32F4xx_HAL_Driver/Src/stm32f4xx_hal_pcd_ex.o
 .debug_line    0x00007497      0x9a8 ./Drivers/STM32F4xx_HAL_Driver/Src/stm32f4xx_hal_pwr.o
 .debug_line    0x00007e3f      0xea9 ./Drivers/STM32F4xx_HAL_Driver/Src/stm32f4xx_hal_rcc.o
 .debug_line    0x00008ce8      0xb09 ./Drivers/STM32F4xx_HAL_Driver/Src/stm32f4xx_hal_rcc_ex.o
 .debug_line    0x000097f1     0x11cb ./Drivers/STM32F4xx_HAL_Driver/Src/stm32f4xx_hal_rtc.o
 .debug_line    0x0000a9bc     0x12e9 ./Drivers/STM32F4xx_HAL_Driver/Src/stm32f4xx_hal_rtc_ex.o
 .debug_line    0x0000bca5     0x1d35 ./Drivers/STM32F4xx_HAL_Driver/Src/stm32f4xx_hal_spi.o
 .debug_line    0x0000d9da     0x25e2 ./Drivers/STM32F4xx_HAL_Driver/Src/stm32f4xx_hal_uart.o
 .debug_line    0x0000ffbc     0x1dce ./Drivers/STM32F4xx_HAL_Driver/Src/stm32f4xx_ll_usb.o
 .debug_line    0x00011d8a      0xcd6 ./Middlewares/ST/STM32_USB_Device_Library/Class/HID/Src/usbd_hid.o
 .debug_line    0x00012a60      0xfc0 ./Middlewares/ST/STM32_USB_Device_Library/Core/Src/usbd_core.o
 .debug_line    0x00013a20     0x1182 ./Middlewares/ST/STM32_USB_Device_Library/Core/Src/usbd_ctlreq.o
 .debug_line    0x00014ba2      0xac7 ./Middlewares/ST/STM32_USB_Device_Library/Core/Src/usbd_ioreq.o
 .debug_line    0x00015669      0xa6e ./USB_DEVICE/App/usb_device.o
 .debug_line    0x000160d7      0xb36 ./USB_DEVICE/App/usbd_desc.o
 .debug_line    0x00016c0d      0xe6a ./USB_DEVICE/Target/usbd_conf.o

.debug_str      0x00000000    0xcf4c1
 .debug_str     0x00000000    0xcf4c1 ./Core/Src/MY_LIS3DSH.o
                              0xc8fe1 (size before relaxing)
 .debug_str     0x000cf4c1        0x0 ./Core/Src/main.o
                              0xcb20c (size before relaxing)
 .debug_str     0x000cf4c1        0x0 ./Core/Src/stm32f4xx_hal_msp.o
                              0xc5ff8 (size before relaxing)
 .debug_str     0x000cf4c1        0x0 ./Core/Src/stm32f4xx_it.o
                              0xc56f2 (size before relaxing)
 .debug_str     0x000cf4c1        0x0 ./Core/Src/system_stm32f4xx.o
                              0xc5193 (size before relaxing)
 .debug_str     0x000cf4c1        0x0 ./Core/Startup/startup_stm32f407vetx.o
                                 0x6f (size before relaxing)
 .debug_str     0x000cf4c1        0x0 ./Drivers/STM32F4xx_HAL_Driver/Src/stm32f4xx_hal.o
                              0xc5d17 (size before relaxing)
 .debug_str     0x000cf4c1        0x0 ./Drivers/STM32F4xx_HAL_Driver/Src/stm32f4xx_hal_cortex.o
                              0xc5a93 (size before relaxing)
 .debug_str     0x000cf4c1        0x0 ./Drivers/STM32F4xx_HAL_Driver/Src/stm32f4xx_hal_gpio.o
                              0xc530e (size before relaxing)
 .debug_str     0x000cf4c1        0x0 ./Drivers/STM32F4xx_HAL_Driver/Src/stm32f4xx_hal_pcd.o
                              0xc5c71 (size before relaxing)
 .debug_str     0x000cf4c1        0x0 ./Drivers/STM32F4xx_HAL_Driver/Src/stm32f4xx_hal_pcd_ex.o
                              0xc5561 (size before relaxing)
 .debug_str     0x000cf4c1        0x0 ./Drivers/STM32F4xx_HAL_Driver/Src/stm32f4xx_hal_pwr.o
                              0xc53c9 (size before relaxing)
 .debug_str     0x000cf4c1        0x0 ./Drivers/STM32F4xx_HAL_Driver/Src/stm32f4xx_hal_rcc.o
                              0xc55c7 (size before relaxing)
 .debug_str     0x000cf4c1        0x0 ./Drivers/STM32F4xx_HAL_Driver/Src/stm32f4xx_hal_rcc_ex.o
                              0xc52e5 (size before relaxing)
 .debug_str     0x000cf4c1        0x0 ./Drivers/STM32F4xx_HAL_Driver/Src/stm32f4xx_hal_rtc.o
                              0xc5602 (size before relaxing)
 .debug_str     0x000cf4c1        0x0 ./Drivers/STM32F4xx_HAL_Driver/Src/stm32f4xx_hal_rtc_ex.o
                              0xc58d9 (size before relaxing)
 .debug_str     0x000cf4c1        0x0 ./Drivers/STM32F4xx_HAL_Driver/Src/stm32f4xx_hal_spi.o
                              0xc5a51 (size before relaxing)
 .debug_str     0x000cf4c1        0x0 ./Drivers/STM32F4xx_HAL_Driver/Src/stm32f4xx_hal_uart.o
                              0xc5ba8 (size before relaxing)
 .debug_str     0x000cf4c1        0x0 ./Drivers/STM32F4xx_HAL_Driver/Src/stm32f4xx_ll_usb.o
                              0xc5b4c (size before relaxing)
 .debug_str     0x000cf4c1        0x0 ./Middlewares/ST/STM32_USB_Device_Library/Class/HID/Src/usbd_hid.o
                              0xc9c42 (size before relaxing)
 .debug_str     0x000cf4c1        0x0 ./Middlewares/ST/STM32_USB_Device_Library/Core/Src/usbd_core.o
                              0xc9bad (size before relaxing)
 .debug_str     0x000cf4c1        0x0 ./Middlewares/ST/STM32_USB_Device_Library/Core/Src/usbd_ctlreq.o
                              0xc99d8 (size before relaxing)
 .debug_str     0x000cf4c1        0x0 ./Middlewares/ST/STM32_USB_Device_Library/Core/Src/usbd_ioreq.o
                              0xc98ad (size before relaxing)
 .debug_str     0x000cf4c1        0x0 ./USB_DEVICE/App/usb_device.o
                              0xc9a40 (size before relaxing)
 .debug_str     0x000cf4c1        0x0 ./USB_DEVICE/App/usbd_desc.o
                              0xc979b (size before relaxing)
 .debug_str     0x000cf4c1        0x0 ./USB_DEVICE/Target/usbd_conf.o
                              0xca942 (size before relaxing)

.comment        0x00000000       0x43
 .comment       0x00000000       0x43 ./Core/Src/MY_LIS3DSH.o
                                 0x44 (size before relaxing)
 .comment       0x00000043        0x0 ./Core/Src/main.o
                                 0x44 (size before relaxing)
 .comment       0x00000043        0x0 ./Core/Src/stm32f4xx_hal_msp.o
                                 0x44 (size before relaxing)
 .comment       0x00000043        0x0 ./Core/Src/stm32f4xx_it.o
                                 0x44 (size before relaxing)
 .comment       0x00000043        0x0 ./Core/Src/system_stm32f4xx.o
                                 0x44 (size before relaxing)
 .comment       0x00000043        0x0 ./Drivers/STM32F4xx_HAL_Driver/Src/stm32f4xx_hal.o
                                 0x44 (size before relaxing)
 .comment       0x00000043        0x0 ./Drivers/STM32F4xx_HAL_Driver/Src/stm32f4xx_hal_cortex.o
                                 0x44 (size before relaxing)
 .comment       0x00000043        0x0 ./Drivers/STM32F4xx_HAL_Driver/Src/stm32f4xx_hal_gpio.o