../Drivers/CMSIS/Include/core_cm4.h:2064:26:ITM_SendChar	16	static,ignoring_inline_asm
../Core/Src/main.c:31:5:_write	32	static
../Core/Src/main.c:44:6:HAL_GPIO_EXTI_Callback	16	static
../Core/Src/main.c:108:5:main	40	static
../Core/Src/main.c:228:6:SystemClock_Config	88	static
../Core/Src/main.c:275:13:MX_RTC_Init	72	static
../Core/Src/main.c:357:13:MX_SPI1_Init	8	static
../Core/Src/main.c:395:13:MX_USART2_UART_Init	8	static
../Core/Src/main.c:428:13:MX_GPIO_Init	56	static
../Core/Src/main.c:479:6:set_time	40	static
../Core/Src/main.c:493:6:set_date	32	static
../Core/Src/main.c:507:6:get_time_date	48	static
../Core/Src/main.c:520:6:set_alarm	64	static
../Core/Src/main.c:541:6:HAL_RTC_AlarmAEventCallback	16	static
../Core/Src/main.c:551:6:Error_Handler	4	static,ignoring_inline_asm
